Component: ARM Compiler 5.06 update 5 (build 528) Tool: armlink [4d35e2]

==============================================================================

Section Cross References

    startup_stm32f10x_md.o(RESET) refers to startup_stm32f10x_md.o(STACK) for __initial_sp
    startup_stm32f10x_md.o(RESET) refers to startup_stm32f10x_md.o(.text) for Reset_Handler
    startup_stm32f10x_md.o(RESET) refers to stm32f10x_it.o(i.NMI_Handler) for NMI_Handler
    startup_stm32f10x_md.o(RESET) refers to stm32f10x_it.o(i.HardFault_Handler) for HardFault_Handler
    startup_stm32f10x_md.o(RESET) refers to stm32f10x_it.o(i.MemManage_Handler) for MemManage_Handler
    startup_stm32f10x_md.o(RESET) refers to stm32f10x_it.o(i.BusFault_Handler) for BusFault_Handler
    startup_stm32f10x_md.o(RESET) refers to stm32f10x_it.o(i.UsageFault_Handler) for UsageFault_Handler
    startup_stm32f10x_md.o(RESET) refers to stm32f10x_it.o(i.SVC_Handler) for SVC_Handler
    startup_stm32f10x_md.o(RESET) refers to stm32f10x_it.o(i.DebugMon_Handler) for DebugMon_Handler
    startup_stm32f10x_md.o(RESET) refers to stm32f10x_it.o(i.PendSV_Handler) for PendSV_Handler
    startup_stm32f10x_md.o(RESET) refers to main.o(i.SysTick_Handler) for SysTick_Handler
    startup_stm32f10x_md.o(RESET) refers to main.o(i.TIM1_UP_IRQHandler) for TIM1_UP_IRQHandler
    startup_stm32f10x_md.o(RESET) refers to serial.o(i.USART1_IRQHandler) for USART1_IRQHandler
    startup_stm32f10x_md.o(.text) refers to system_stm32f10x.o(i.SystemInit) for SystemInit
    startup_stm32f10x_md.o(.text) refers to entry.o(.ARM.Collect$$$$00000000) for __main
    system_stm32f10x.o(i.SetSysClock) refers to system_stm32f10x.o(i.SetSysClockTo72) for SetSysClockTo72
    system_stm32f10x.o(i.SystemCoreClockUpdate) refers to system_stm32f10x.o(.data) for SystemCoreClock
    system_stm32f10x.o(i.SystemInit) refers to system_stm32f10x.o(i.SetSysClock) for SetSysClock
    stm32f10x_adc.o(i.ADC_DeInit) refers to stm32f10x_rcc.o(i.RCC_APB2PeriphResetCmd) for RCC_APB2PeriphResetCmd
    stm32f10x_bkp.o(i.BKP_DeInit) refers to stm32f10x_rcc.o(i.RCC_BackupResetCmd) for RCC_BackupResetCmd
    stm32f10x_can.o(i.CAN_DeInit) refers to stm32f10x_rcc.o(i.RCC_APB1PeriphResetCmd) for RCC_APB1PeriphResetCmd
    stm32f10x_can.o(i.CAN_GetITStatus) refers to stm32f10x_can.o(i.CheckITStatus) for CheckITStatus
    stm32f10x_cec.o(i.CEC_DeInit) refers to stm32f10x_rcc.o(i.RCC_APB1PeriphResetCmd) for RCC_APB1PeriphResetCmd
    stm32f10x_dac.o(i.DAC_DeInit) refers to stm32f10x_rcc.o(i.RCC_APB1PeriphResetCmd) for RCC_APB1PeriphResetCmd
    stm32f10x_flash.o(i.FLASH_EnableWriteProtection) refers to stm32f10x_flash.o(i.FLASH_WaitForLastOperation) for FLASH_WaitForLastOperation
    stm32f10x_flash.o(i.FLASH_EraseAllBank1Pages) refers to stm32f10x_flash.o(i.FLASH_WaitForLastBank1Operation) for FLASH_WaitForLastBank1Operation
    stm32f10x_flash.o(i.FLASH_EraseAllPages) refers to stm32f10x_flash.o(i.FLASH_WaitForLastOperation) for FLASH_WaitForLastOperation
    stm32f10x_flash.o(i.FLASH_EraseOptionBytes) refers to stm32f10x_flash.o(i.FLASH_GetReadOutProtectionStatus) for FLASH_GetReadOutProtectionStatus
    stm32f10x_flash.o(i.FLASH_EraseOptionBytes) refers to stm32f10x_flash.o(i.FLASH_WaitForLastOperation) for FLASH_WaitForLastOperation
    stm32f10x_flash.o(i.FLASH_ErasePage) refers to stm32f10x_flash.o(i.FLASH_WaitForLastOperation) for FLASH_WaitForLastOperation
    stm32f10x_flash.o(i.FLASH_ProgramHalfWord) refers to stm32f10x_flash.o(i.FLASH_WaitForLastOperation) for FLASH_WaitForLastOperation
    stm32f10x_flash.o(i.FLASH_ProgramOptionByteData) refers to stm32f10x_flash.o(i.FLASH_WaitForLastOperation) for FLASH_WaitForLastOperation
    stm32f10x_flash.o(i.FLASH_ProgramWord) refers to stm32f10x_flash.o(i.FLASH_WaitForLastOperation) for FLASH_WaitForLastOperation
    stm32f10x_flash.o(i.FLASH_ReadOutProtection) refers to stm32f10x_flash.o(i.FLASH_WaitForLastOperation) for FLASH_WaitForLastOperation
    stm32f10x_flash.o(i.FLASH_UserOptionByteConfig) refers to stm32f10x_flash.o(i.FLASH_WaitForLastOperation) for FLASH_WaitForLastOperation
    stm32f10x_flash.o(i.FLASH_WaitForLastBank1Operation) refers to stm32f10x_flash.o(i.FLASH_GetBank1Status) for FLASH_GetBank1Status
    stm32f10x_flash.o(i.FLASH_WaitForLastOperation) refers to stm32f10x_flash.o(i.FLASH_GetBank1Status) for FLASH_GetBank1Status
    stm32f10x_gpio.o(i.GPIO_AFIODeInit) refers to stm32f10x_rcc.o(i.RCC_APB2PeriphResetCmd) for RCC_APB2PeriphResetCmd
    stm32f10x_gpio.o(i.GPIO_DeInit) refers to stm32f10x_rcc.o(i.RCC_APB2PeriphResetCmd) for RCC_APB2PeriphResetCmd
    stm32f10x_i2c.o(i.I2C_DeInit) refers to stm32f10x_rcc.o(i.RCC_APB1PeriphResetCmd) for RCC_APB1PeriphResetCmd
    stm32f10x_i2c.o(i.I2C_Init) refers to stm32f10x_rcc.o(i.RCC_GetClocksFreq) for RCC_GetClocksFreq
    stm32f10x_pwr.o(i.PWR_DeInit) refers to stm32f10x_rcc.o(i.RCC_APB1PeriphResetCmd) for RCC_APB1PeriphResetCmd
[...]
    Removing stm32f10x_rcc.o(i.RCC_ADCCLKConfig), (24 bytes).
    Removing stm32f10x_rcc.o(i.RCC_AHBPeriphClockCmd), (32 bytes).
    Removing stm32f10x_rcc.o(i.RCC_APB1PeriphResetCmd), (32 bytes).
    Removing stm32f10x_rcc.o(i.RCC_APB2PeriphResetCmd), (32 bytes).
    Removing stm32f10x_rcc.o(i.RCC_AdjustHSICalibrationValue), (24 bytes).
    Removing stm32f10x_rcc.o(i.RCC_BackupResetCmd), (12 bytes).
    Removing stm32f10x_rcc.o(i.RCC_ClearFlag), (20 bytes).
    Removing stm32f10x_rcc.o(i.RCC_ClearITPendingBit), (12 bytes).
    Removing stm32f10x_rcc.o(i.RCC_ClockSecuritySystemCmd), (12 bytes).
    Removing stm32f10x_rcc.o(i.RCC_DeInit), (76 bytes).
    Removing stm32f10x_rcc.o(i.RCC_GetFlagStatus), (60 bytes).
    Removing stm32f10x_rcc.o(i.RCC_GetITStatus), (24 bytes).
    Removing stm32f10x_rcc.o(i.RCC_GetSYSCLKSource), (16 bytes).
    Removing stm32f10x_rcc.o(i.RCC_HCLKConfig), (24 bytes).
    Removing stm32f10x_rcc.o(i.RCC_HSEConfig), (76 bytes).
    Removing stm32f10x_rcc.o(i.RCC_HSICmd), (12 bytes).
    Removing stm32f10x_rcc.o(i.RCC_ITConfig), (32 bytes).
    Removing stm32f10x_rcc.o(i.RCC_LSEConfig), (52 bytes).
    Removing stm32f10x_rcc.o(i.RCC_LSICmd), (12 bytes).
    Removing stm32f10x_rcc.o(i.RCC_MCOConfig), (12 bytes).
    Removing stm32f10x_rcc.o(i.RCC_PCLK1Config), (24 bytes).
    Removing stm32f10x_rcc.o(i.RCC_PCLK2Config), (24 bytes).
    Removing stm32f10x_rcc.o(i.RCC_PLLCmd), (12 bytes).
    Removing stm32f10x_rcc.o(i.RCC_PLLConfig), (28 bytes).
    Removing stm32f10x_rcc.o(i.RCC_RTCCLKCmd), (12 bytes).
    Removing stm32f10x_rcc.o(i.RCC_RTCCLKConfig), (16 bytes).
    Removing stm32f10x_rcc.o(i.RCC_SYSCLKConfig), (24 bytes).
    Removing stm32f10x_rcc.o(i.RCC_USBCLKConfig), (12 bytes).
    Removing stm32f10x_rcc.o(i.RCC_WaitForHSEStartUp), (56 bytes).
    Removing stm32f10x_rtc.o(i.RTC_ClearFlag), (16 bytes).
    Removing stm32f10x_rtc.o(i.RTC_ClearITPendingBit), (16 bytes).
    Removing stm32f10x_rtc.o(i.RTC_EnterConfigMode), (20 bytes).
    Removing stm32f10x_rtc.o(i.RTC_ExitConfigMode), (20 bytes).
    Removing stm32f10x_rtc.o(i.RTC_GetCounter), (20 bytes).
    Removing stm32f10x_rtc.o(i.RTC_GetDivider), (24 bytes).
    Removing stm32f10x_rtc.o(i.RTC_GetFlagStatus), (24 bytes).
    Removing stm32f10x_rtc.o(i.RTC_GetITStatus), (36 bytes).
    Removing stm32f10x_rtc.o(i.RTC_ITConfig), (32 bytes).
    Removing stm32f10x_rtc.o(i.RTC_SetAlarm), (28 bytes).
    Removing stm32f10x_rtc.o(i.RTC_SetCounter), (28 bytes).
    Removing stm32f10x_rtc.o(i.RTC_SetPrescaler), (32 bytes).
    Removing stm32f10x_rtc.o(i.RTC_WaitForLastTask), (20 bytes).
    Removing stm32f10x_rtc.o(i.RTC_WaitForSynchro), (36 bytes).
    Removing stm32f10x_sdio.o(i.SDIO_CEATAITCmd), (16 bytes).
    Removing stm32f10x_sdio.o(i.SDIO_ClearFlag), (12 bytes).
    Removing stm32f10x_sdio.o(i.SDIO_ClearITPendingBit), (12 bytes).
    Removing stm32f10x_sdio.o(i.SDIO_ClockCmd), (12 bytes).
    Removing stm32f10x_sdio.o(i.SDIO_CmdStructInit), (14 bytes).
    Removing stm32f10x_sdio.o(i.SDIO_CommandCompletionCmd), (12 bytes).
    Removing stm32f10x_sdio.o(i.SDIO_DMACmd), (12 bytes).
    Removing stm32f10x_sdio.o(i.SDIO_DataConfig), (48 bytes).
    Removing stm32f10x_sdio.o(i.SDIO_DataStructInit), (20 bytes).
    Removing stm32f10x_sdio.o(i.SDIO_DeInit), (36 bytes).
    Removing stm32f10x_sdio.o(i.SDIO_GetCommandResponse), (12 bytes).
    Removing stm32f10x_sdio.o(i.SDIO_GetDataCounter), (12 bytes).
    Removing stm32f10x_sdio.o(i.SDIO_GetFIFOCount), (12 bytes).
    Removing stm32f10x_sdio.o(i.SDIO_GetFlagStatus), (24 bytes).
    Removing stm32f10x_sdio.o(i.SDIO_GetITStatus), (24 bytes).
    Removing stm32f10x_sdio.o(i.SDIO_GetPowerState), (16 bytes).
    Removing stm32f10x_sdio.o(i.SDIO_GetResponse), (24 bytes).
    Removing stm32f10x_sdio.o(i.SDIO_ITConfig), (32 bytes).
    Removing stm32f10x_sdio.o(i.SDIO_Init), (48 bytes).
    Removing stm32f10x_sdio.o(i.SDIO_ReadData), (12 bytes).
    Removing stm32f10x_sdio.o(i.SDIO_SendCEATACmd), (12 bytes).
    Removing stm32f10x_sdio.o(i.SDIO_SendCommand), (44 bytes).
    Removing stm32f10x_sdio.o(i.SDIO_SendSDIOSuspendCmd), (12 bytes).
    Removing stm32f10x_sdio.o(i.SDIO_SetPowerState), (28 bytes).
    Removing stm32f10x_sdio.o(i.SDIO_SetSDIOOperation), (12 bytes).
    Removing stm32f10x_sdio.o(i.SDIO_SetSDIOReadWaitMode), (12 bytes).
    Removing stm32f10x_sdio.o(i.SDIO_StartSDIOReadWait), (12 bytes).
    Removing stm32f10x_sdio.o(i.SDIO_StopSDIOReadWait), (12 bytes).
    Removing stm32f10x_sdio.o(i.SDIO_StructInit), (16 bytes).
    Removing stm32f10x_sdio.o(i.SDIO_WriteData), (12 bytes).
    Removing stm32f10x_spi.o(i.I2S_Cmd), (24 bytes).
    Removing stm32f10x_spi.o(i.I2S_Init), (232 bytes).
    Removing stm32f10x_spi.o(i.I2S_StructInit), (20 bytes).
    Removing stm32f10x_spi.o(i.SPI_BiDirectionalLineConfig), (28 bytes).
    Removing stm32f10x_spi.o(i.SPI_CalculateCRC), (24 bytes).
    Removing stm32f10x_spi.o(i.SPI_Cmd), (24 bytes).
    Removing stm32f10x_spi.o(i.SPI_DataSizeConfig), (18 bytes).
    Removing stm32f10x_spi.o(i.SPI_GetCRC), (16 bytes).
    Removing stm32f10x_spi.o(i.SPI_GetCRCPolynomial), (6 bytes).
    Removing stm32f10x_spi.o(i.SPI_I2S_ClearFlag), (6 bytes).
    Removing stm32f10x_spi.o(i.SPI_I2S_ClearITPendingBit), (20 bytes).
    Removing stm32f10x_spi.o(i.SPI_I2S_DMACmd), (18 bytes).
    Removing stm32f10x_spi.o(i.SPI_I2S_DeInit), (88 bytes).
    Removing stm32f10x_spi.o(i.SPI_I2S_GetFlagStatus), (18 bytes).
    Removing stm32f10x_spi.o(i.SPI_I2S_GetITStatus), (52 bytes).
    Removing stm32f10x_spi.o(i.SPI_I2S_ITConfig), (32 bytes).
    Removing stm32f10x_spi.o(i.SPI_I2S_ReceiveData), (6 bytes).
    Removing stm32f10x_spi.o(i.SPI_I2S_SendData), (4 bytes).
    Removing stm32f10x_spi.o(i.SPI_Init), (60 bytes).
    Removing stm32f10x_spi.o(i.SPI_NSSInternalSoftwareConfig), (30 bytes).
    Removing stm32f10x_spi.o(i.SPI_SSOutputCmd), (24 bytes).
    Removing stm32f10x_spi.o(i.SPI_StructInit), (24 bytes).
    Removing stm32f10x_spi.o(i.SPI_TransmitCRC), (10 bytes).
    Removing stm32f10x_tim.o(i.TIM_ARRPreloadConfig), (24 bytes).
    Removing stm32f10x_tim.o(i.TIM_BDTRConfig), (32 bytes).
    Removing stm32f10x_tim.o(i.TIM_BDTRStructInit), (18 bytes).
    Removing stm32f10x_tim.o(i.TIM_CCPreloadControl), (24 bytes).
    Removing stm32f10x_tim.o(i.TIM_CCxCmd), (30 bytes).
    Removing stm32f10x_tim.o(i.TIM_CCxNCmd), (30 bytes).
    Removing stm32f10x_tim.o(i.TIM_ClearOC1Ref), (18 bytes).
    Removing stm32f10x_tim.o(i.TIM_ClearOC2Ref), (24 bytes).
    Removing stm32f10x_tim.o(i.TIM_ClearOC3Ref), (18 bytes).
    Removing stm32f10x_tim.o(i.TIM_ClearOC4Ref), (24 bytes).
    Removing stm32f10x_tim.o(i.TIM_CounterModeConfig), (18 bytes).
    Removing stm32f10x_tim.o(i.TIM_CtrlPWMOutputs), (30 bytes).
    Removing stm32f10x_tim.o(i.TIM_DMACmd), (18 bytes).
    Removing stm32f10x_tim.o(i.TIM_DMAConfig), (10 bytes).
    Removing stm32f10x_tim.o(i.TIM_DeInit), (488 bytes).
    Removing stm32f10x_tim.o(i.TIM_ETRClockMode1Config), (54 bytes).
    Removing stm32f10x_tim.o(i.TIM_ETRClockMode2Config), (32 bytes).
    Removing stm32f10x_tim.o(i.TIM_ETRConfig), (28 bytes).
    Removing stm32f10x_tim.o(i.TIM_ForcedOC1Config), (18 bytes).
    Removing stm32f10x_tim.o(i.TIM_ForcedOC2Config), (26 bytes).
    Removing stm32f10x_tim.o(i.TIM_ForcedOC3Config), (18 bytes).
    Removing stm32f10x_tim.o(i.TIM_ForcedOC4Config), (26 bytes).
    Removing stm32f10x_tim.o(i.TIM_GenerateEvent), (4 bytes).
    Removing stm32f10x_tim.o(i.TIM_GetCapture1), (6 bytes).
    Removing stm32f10x_tim.o(i.TIM_GetCapture2), (6 bytes).
    Removing stm32f10x_tim.o(i.TIM_GetCapture3), (6 bytes).
    Removing stm32f10x_tim.o(i.TIM_GetCapture4), (8 bytes).
    Removing stm32f10x_tim.o(i.TIM_GetFlagStatus), (18 bytes).
    Removing stm32f10x_tim.o(i.TIM_GetPrescaler), (6 bytes).
    Removing stm32f10x_tim.o(i.TIM_ITRxExternalClockConfig), (24 bytes).
    Removing stm32f10x_tim.o(i.TIM_OC1FastConfig), (18 bytes).
    Removing stm32f10x_tim.o(i.TIM_OC1Init), (152 bytes).
    Removing stm32f10x_tim.o(i.TIM_OC1NPolarityConfig), (18 bytes).
    Removing stm32f10x_tim.o(i.TIM_OC1PolarityConfig), (18 bytes).
    Removing stm32f10x_tim.o(i.TIM_OC1PreloadConfig), (18 bytes).
    Removing stm32f10x_tim.o(i.TIM_OC2FastConfig), (26 bytes).
    Removing stm32f10x_tim.o(i.TIM_OC2Init), (164 bytes).
    Removing stm32f10x_tim.o(i.TIM_OC2NPolarityConfig), (26 bytes).
    Removing stm32f10x_tim.o(i.TIM_OC2PolarityConfig), (26 bytes).
    Removing stm32f10x_tim.o(i.TIM_OC2PreloadConfig), (26 bytes).
    Removing stm32f10x_tim.o(i.TIM_OC3FastConfig), (18 bytes).
    Removing stm32f10x_tim.o(i.TIM_OC3NPolarityConfig), (26 bytes).
    Removing stm32f10x_tim.o(i.TIM_OC3PolarityConfig), (26 bytes).
    Removing stm32f10x_tim.o(i.TIM_OC3PreloadConfig), (18 bytes).
    Removing stm32f10x_tim.o(i.TIM_OC4FastConfig), (26 bytes).
    Removing stm32f10x_tim.o(i.TIM_OC4PolarityConfig), (26 bytes).
    Removing stm32f10x_tim.o(i.TIM_OC4PreloadConfig), (26 bytes).
    Removing stm32f10x_tim.o(i.TIM_PWMIConfig), (124 bytes).
    Removing stm32f10x_tim.o(i.TIM_PrescalerConfig), (6 bytes).
    Removing stm32f10x_tim.o(i.TIM_SelectCCDMA), (24 bytes).
    Removing stm32f10x_tim.o(i.TIM_SelectCOM), (24 bytes).
    Removing stm32f10x_tim.o(i.TIM_SelectHallSensor), (24 bytes).
    Removing stm32f10x_tim.o(i.TIM_SelectInputTrigger), (18 bytes).
    Removing stm32f10x_tim.o(i.TIM_SelectMasterSlaveMode), (18 bytes).
    Removing stm32f10x_tim.o(i.TIM_SelectOCxM), (82 bytes).
    Removing stm32f10x_tim.o(i.TIM_SelectOnePulseMode), (18 bytes).
    Removing stm32f10x_tim.o(i.TIM_SelectOutputTrigger), (18 bytes).
    Removing stm32f10x_tim.o(i.TIM_SelectSlaveMode), (18 bytes).
    Removing stm32f10x_tim.o(i.TIM_SetAutoreload), (4 bytes).
    Removing stm32f10x_tim.o(i.TIM_SetClockDivision), (18 bytes).
    Removing stm32f10x_tim.o(i.TIM_SetCompare1), (4 bytes).
    Removing stm32f10x_tim.o(i.TIM_SetCompare2), (4 bytes).
    Removing stm32f10x_tim.o(i.TIM_TIxExternalClockConfig), (62 bytes).
    Removing stm32f10x_tim.o(i.TIM_TimeBaseStructInit), (18 bytes).
    Removing stm32f10x_tim.o(i.TIM_UpdateDisableConfig), (24 bytes).
    Removing stm32f10x_tim.o(i.TIM_UpdateRequestConfig), (24 bytes).
    Removing stm32f10x_usart.o(i.USART_ClearFlag), (18 bytes).
    Removing stm32f10x_usart.o(i.USART_ClockInit), (34 bytes).
    Removing stm32f10x_usart.o(i.USART_ClockStructInit), (12 bytes).
    Removing stm32f10x_usart.o(i.USART_DMACmd), (18 bytes).
    Removing stm32f10x_usart.o(i.USART_DeInit), (156 bytes).
    Removing stm32f10x_usart.o(i.USART_HalfDuplexCmd), (24 bytes).
    Removing stm32f10x_usart.o(i.USART_IrDACmd), (24 bytes).
    Removing stm32f10x_usart.o(i.USART_IrDAConfig), (18 bytes).
    Removing stm32f10x_usart.o(i.USART_LINBreakDetectLengthConfig), (18 bytes).
    Removing stm32f10x_usart.o(i.USART_LINCmd), (24 bytes).
    Removing stm32f10x_usart.o(i.USART_OneBitMethodCmd), (24 bytes).
    Removing stm32f10x_usart.o(i.USART_OverSampling8Cmd), (22 bytes).
    Removing stm32f10x_usart.o(i.USART_ReceiverWakeUpCmd), (24 bytes).
    Removing stm32f10x_usart.o(i.USART_SendBreak), (10 bytes).
    Removing stm32f10x_usart.o(i.USART_SetAddress), (18 bytes).
    Removing stm32f10x_usart.o(i.USART_SetGuardTime), (16 bytes).
    Removing stm32f10x_usart.o(i.USART_SetPrescaler), (16 bytes).
    Removing stm32f10x_usart.o(i.USART_SmartCardCmd), (24 bytes).
    Removing stm32f10x_usart.o(i.USART_SmartCardNACKCmd), (24 bytes).
    Removing stm32f10x_usart.o(i.USART_StructInit), (24 bytes).
    Removing stm32f10x_usart.o(i.USART_WakeUpConfig), (18 bytes).
    Removing stm32f10x_wwdg.o(i.WWDG_ClearFlag), (12 bytes).
    Removing stm32f10x_wwdg.o(i.WWDG_DeInit), (22 bytes).
    Removing stm32f10x_wwdg.o(i.WWDG_Enable), (16 bytes).
    Removing stm32f10x_wwdg.o(i.WWDG_EnableIT), (12 bytes).
    Removing stm32f10x_wwdg.o(i.WWDG_GetFlagStatus), (12 bytes).
    Removing stm32f10x_wwdg.o(i.WWDG_SetCounter), (16 bytes).
    Removing stm32f10x_wwdg.o(i.WWDG_SetPrescaler), (24 bytes).
    Removing stm32f10x_wwdg.o(i.WWDG_SetWindowValue), (40 bytes).
    Removing delay.o(i.Delay_ms), (24 bytes).
    Removing delay.o(i.Delay_s), (24 bytes).
    Removing delay.o(i.Delay_us), (46 bytes).
    Removing led.o(i.LED_Init), (52 bytes).
    Removing led.o(i.LED_OFF), (20 bytes).
    Removing led.o(i.LED_ON), (20 bytes).
    Removing led.o(i.LED_Turn), (44 bytes).
    Removing oled.o(i.OLED_DrawArc), (618 bytes).
    Removing oled.o(i.OLED_DrawCircle), (352 bytes).
    Removing oled.o(i.OLED_DrawEllipse), (812 bytes).
    Removing oled.o(i.OLED_DrawLine), (374 bytes).
    Removing oled.o(i.OLED_DrawPoint), (80 bytes).
    Removing oled.o(i.OLED_DrawRectangle), (142 bytes).
    Removing oled.o(i.OLED_DrawTriangle), (232 bytes).
    Removing oled.o(i.OLED_GetPoint), (68 bytes).
    Removing oled.o(i.OLED_IsInAngle), (124 bytes).
    Removing oled.o(i.OLED_Printf), (50 bytes).
    Removing oled.o(i.OLED_Reverse), (52 bytes).
    Removing oled.o(i.OLED_ReverseArea), (144 bytes).
    Removing oled.o(i.OLED_ShowBinNum), (70 bytes).
    Removing oled.o(i.OLED_ShowFloatNum), (210 bytes).
    Removing oled.o(i.OLED_ShowHexNum), (96 bytes).
    Removing oled.o(i.OLED_ShowSignedNum), (112 bytes).
    Removing oled.o(i.OLED_UpdateArea), (124 bytes).
    Removing oled.o(i.OLED_pnpoly), (140 bytes).
    Removing rp.o(i.RP_GetValue), (108 bytes).
    Removing rp.o(i.RP_Init), (148 bytes).
    Removing serial.o(i.Serial_GetRxData), (12 bytes).
    Removing serial.o(i.Serial_Pow), (20 bytes).
    Removing serial.o(i.Serial_SendArray), (26 bytes).
    Removing serial.o(i.Serial_SendNumber), (58 bytes).
    Removing serial.o(i.fputc), (16 bytes).
    Removing dflti.o(.text), (34 bytes).
    Removing dfltui.o(.text), (26 bytes).
    Removing dfixi.o(.text), (62 bytes).
    Removing dfixui.o(.text), (50 bytes).
    Removing cdcmple.o(.text), (48 bytes).
    Removing drnd.o(.text), (136 bytes).
    Removing dscalb.o(.text), (46 bytes).

471 unused section(s) (total 22002 bytes) removed from the image.

==============================================================================

Image Symbol Table

    Local Symbols

    Symbol Name                              Value     Ov Type        Size  Object(Section)

    ../clib/microlib/ctype/ctype.c           0x00000000   Number         0  isspace_c.o ABSOLUTE
    ../clib/microlib/ctype/ctype.c           0x00000000   Number         0  ctype_c.o ABSOLUTE
    ../clib/microlib/division.c              0x00000000   Number         0  uldiv.o ABSOLUTE
    ../clib/microlib/division.c              0x00000000   Number         0  uidiv.o ABSOLUTE
    ../clib/microlib/errno.c                 0x00000000   Number         0  errno.o ABSOLUTE
    ../clib/microlib/init/entry.s            0x00000000   Number         0  entry8b.o ABSOLUTE
    ../clib/microlib/init/entry.s            0x00000000   Number         0  entry7a.o ABSOLUTE
    ../clib/microlib/init/entry.s            0x00000000   Number         0  entry5.o ABSOLUTE
    ../clib/microlib/init/entry.s            0x00000000   Number         0  entry2.o ABSOLUTE
    ../clib/microlib/init/entry.s            0x00000000   Number         0  entry7b.o ABSOLUTE
    ../clib/microlib/init/entry.s            0x00000000   Number         0  entry10a.o ABSOLUTE
    ../clib/microlib/init/entry.s            0x00000000   Number         0  entry.o ABSOLUTE
    ../clib/microlib/init/entry.s            0x00000000   Number         0  entry8a.o ABSOLUTE
    ../clib/microlib/init/entry.s            0x00000000   Number         0  entry9a.o ABSOLUTE
    ../clib/microlib/init/entry.s            0x00000000   Number         0  entry9b.o ABSOLUTE
    ../clib/microlib/init/entry.s            0x00000000   Number         0  entry10b.o ABSOLUTE
    ../clib/microlib/init/entry.s            0x00000000   Number         0  entry11a.o ABSOLUTE
    ../clib/microlib/init/entry.s            0x00000000   Number         0  entry11b.o ABSOLUTE
    ../clib/microlib/longlong.c              0x00000000   Number         0  llsshr.o ABSOLUTE
    ../clib/microlib/longlong.c              0x00000000   Number         0  llushr.o ABSOLUTE
    ../clib/microlib/longlong.c              0x00000000   Number         0  llshl.o ABSOLUTE
    ../clib/microlib/printf/printf.c         0x00000000   Number         0  printfa.o ABSOLUTE
    ../clib/microlib/stdio/streams.c         0x00000000   Number         0  stdout.o ABSOLUTE
    ../clib/microlib/string/strcmp.c         0x00000000   Number         0  strcmp.o ABSOLUTE
    ../clib/microlib/string/strstr.c         0x00000000   Number         0  strstr.o ABSOLUTE
    ../clib/microlib/stubs.s                 0x00000000   Number         0  iusefp.o ABSOLUTE
    ../clib/scanf.c                          0x00000000   Number         0  scanf_fp.o ABSOLUTE
    ../clib/scanf.c                          0x00000000   Number         0  scanf_char.o ABSOLUTE
    ../clib/scanf.c                          0x00000000   Number         0  _sgetc.o ABSOLUTE
    ../clib/scanf.c                          0x00000000   Number         0  __0sscanf.o ABSOLUTE
    ../clib/scanf.c                          0x00000000   Number         0  _scanf.o ABSOLUTE
    ../fplib/microlib/d2f.c                  0x00000000   Number         0  d2f.o ABSOLUTE
    ../fplib/microlib/f2d.c                  0x00000000   Number         0  f2d.o ABSOLUTE
    ../fplib/microlib/fpadd.c                0x00000000   Number         0  fadd.o ABSOLUTE
    ../fplib/microlib/fpadd.c                0x00000000   Number         0  dadd.o ABSOLUTE
    ../fplib/microlib/fpdiv.c                0x00000000   Number         0  ddiv.o ABSOLUTE
    ../fplib/microlib/fpepilogue.c           0x00000000   Number         0  fepilogue.o ABSOLUTE
    ../fplib/microlib/fpepilogue.c           0x00000000   Number         0  depilogue.o ABSOLUTE
    ../fplib/microlib/fpfix.c                0x00000000   Number         0  dfixi.o ABSOLUTE
    ../fplib/microlib/fpfix.c                0x00000000   Number         0  dfixul.o ABSOLUTE
    ../fplib/microlib/fpfix.c                0x00000000   Number         0  ffixi.o ABSOLUTE
    ../fplib/microlib/fpfix.c                0x00000000   Number         0  dfixui.o ABSOLUTE
    ../fplib/microlib/fpflt.c                0x00000000   Number         0  dfltul.o ABSOLUTE
    ../fplib/microlib/fpflt.c                0x00000000   Number         0  dfltui.o ABSOLUTE
    ../fplib/microlib/fpflt.c                0x00000000   Number         0  ffltui.o ABSOLUTE
    ../fplib/microlib/fpflt.c                0x00000000   Number         0  fflti.o ABSOLUTE
    ../fplib/microlib/fpflt.c                0x00000000   Number         0  dflti.o ABSOLUTE
    ../fplib/microlib/fpmul.c                0x00000000   Number         0  dmul.o ABSOLUTE
    ../fplib/microlib/fpmul.c                0x00000000   Number         0  fmul.o ABSOLUTE
    ../fplib/microlib/fprnd.c                0x00000000   Number         0  drnd.o ABSOLUTE
    ../fplib/microlib/fpscalb.c              0x00000000   Number         0  dscalb.o ABSOLUTE
    ../mathlib/atan.c                        0x00000000   Number         0  atan_x.o ABSOLUTE
    ../mathlib/atan.c                        0x00000000   Number         0  atan.o ABSOLUTE
    ../mathlib/atan2.c                       0x00000000   Number         0  atan2_x.o ABSOLUTE
    ../mathlib/atan2.c                       0x00000000   Number         0  atan2.o ABSOLUTE
    ../mathlib/dunder.c                      0x00000000   Number         0  dunder.o ABSOLUTE
    ../mathlib/fpclassify.c                  0x00000000   Number         0  fpclassify.o ABSOLUTE
    ../mathlib/poly.c                        0x00000000   Number         0  poly.o ABSOLUTE
    ../mathlib/qnan.c                        0x00000000   Number         0  qnan.o ABSOLUTE
    ../mathlib/round.c                       0x00000000   Number         0  round.o ABSOLUTE
    Hardware\Encoder.c                       0x00000000   Number         0  encoder.o ABSOLUTE
    Hardware\Key.c                           0x00000000   Number         0  key.o ABSOLUTE
    Hardware\LED.c                           0x00000000   Number         0  led.o ABSOLUTE
    Hardware\Motor.c                         0x00000000   Number         0  motor.o ABSOLUTE
    Hardware\OLED.c                          0x00000000   Number         0  oled.o ABSOLUTE
    Hardware\OLED_Data.c                     0x00000000   Number         0  oled_data.o ABSOLUTE
    Hardware\PWM.c                           0x00000000   Number         0  pwm.o ABSOLUTE
    Hardware\RP.c                            0x00000000   Number         0  rp.o ABSOLUTE
    Hardware\Serial.c                        0x00000000   Number         0  serial.o ABSOLUTE
    Library\misc.c                           0x00000000   Number         0  misc.o ABSOLUTE
    Library\stm32f10x_adc.c                  0x00000000   Number         0  stm32f10x_adc.o ABSOLUTE
    Library\stm32f10x_bkp.c                  0x00000000   Number         0  stm32f10x_bkp.o ABSOLUTE
    Library\stm32f10x_can.c                  0x00000000   Number         0  stm32f10x_can.o ABSOLUTE
    Library\stm32f10x_cec.c                  0x00000000   Number         0  stm32f10x_cec.o ABSOLUTE
    Library\stm32f10x_crc.c                  0x00000000   Number         0  stm32f10x_crc.o ABSOLUTE
    Library\stm32f10x_dac.c                  0x00000000   Number         0  stm32f10x_dac.o ABSOLUTE
    Library\stm32f10x_dbgmcu.c               0x00000000   Number         0  stm32f10x_dbgmcu.o ABSOLUTE
    Library\stm32f10x_dma.c                  0x00000000   Number         0  stm32f10x_dma.o ABSOLUTE
    Library\stm32f10x_exti.c                 0x00000000   Number         0  stm32f10x_exti.o ABSOLUTE
    Library\stm32f10x_flash.c                0x00000000   Number         0  stm32f10x_flash.o ABSOLUTE
    Library\stm32f10x_fsmc.c                 0x00000000   Number         0  stm32f10x_fsmc.o ABSOLUTE
    Library\stm32f10x_gpio.c                 0x00000000   Number         0  stm32f10x_gpio.o ABSOLUTE
    Library\stm32f10x_i2c.c                  0x00000000   Number         0  stm32f10x_i2c.o ABSOLUTE
    Library\stm32f10x_iwdg.c                 0x00000000   Number         0  stm32f10x_iwdg.o ABSOLUTE
    Library\stm32f10x_pwr.c                  0x00000000   Number         0  stm32f10x_pwr.o ABSOLUTE
    Library\stm32f10x_rcc.c                  0x00000000   Number         0  stm32f10x_rcc.o ABSOLUTE
    Library\stm32f10x_rtc.c                  0x00000000   Number         0  stm32f10x_rtc.o ABSOLUTE
    Library\stm32f10x_sdio.c                 0x00000000   Number         0  stm32f10x_sdio.o ABSOLUTE
    Library\stm32f10x_spi.c                  0x00000000   Number         0  stm32f10x_spi.o ABSOLUTE
    Library\stm32f10x_tim.c                  0x00000000   Number         0  stm32f10x_tim.o ABSOLUTE
    Library\stm32f10x_usart.c                0x00000000   Number         0  stm32f10x_usart.o ABSOLUTE
    Library\stm32f10x_wwdg.c                 0x00000000   Number         0  stm32f10x_wwdg.o ABSOLUTE
    Start\\core_cm3.c                        0x00000000   Number         0  core_cm3.o ABSOLUTE
    Start\core_cm3.c                         0x00000000   Number         0  core_cm3.o ABSOLUTE
    Start\startup_stm32f10x_md.s             0x00000000   Number         0  startup_stm32f10x_md.o ABSOLUTE
    Start\system_stm32f10x.c                 0x00000000   Number         0  system_stm32f10x.o ABSOLUTE
    System\Delay.c                           0x00000000   Number         0  delay.o ABSOLUTE
    System\Timer.c                           0x00000000   Number         0  timer.o ABSOLUTE
    User\main.c                              0x00000000   Number         0  main.o ABSOLUTE
    User\stm32f10x_it.c                      0x00000000   Number         0  stm32f10x_it.o ABSOLUTE
    cdcmple.s                                0x00000000   Number         0  cdcmple.o ABSOLUTE
    cdrcmple.s                               0x00000000   Number         0  cdrcmple.o ABSOLUTE
    cfcmple.s                                0x00000000   Number         0  cfcmple.o ABSOLUTE
    cfrcmple.s                               0x00000000   Number         0  cfrcmple.o ABSOLUTE
    dc.s                                     0x00000000   Number         0  dc.o ABSOLUTE
    handlers.s                               0x00000000   Number         0  handlers.o ABSOLUTE
    init.s                                   0x00000000   Number         0  init.o ABSOLUTE
    RESET                                    0x08000000   Section      236  startup_stm32f10x_md.o(RESET)
    .ARM.Collect$$$$00000000                 0x080000ec   Section        0  entry.o(.ARM.Collect$$$$00000000)
    .ARM.Collect$$$$00000001                 0x080000ec   Section        4  entry2.o(.ARM.Collect$$$$00000001)
    .ARM.Collect$$$$00000004                 0x080000f0   Section        4  entry5.o(.ARM.Collect$$$$00000004)
    .ARM.Collect$$$$00000008                 0x080000f4   Section        0  entry7b.o(.ARM.Collect$$$$00000008)
    .ARM.Collect$$$$0000000A                 0x080000f4   Section        0  entry8b.o(.ARM.Collect$$$$0000000A)
    .ARM.Collect$$$$0000000B                 0x080000f4   Section        8  entry9a.o(.ARM.Collect$$$$0000000B)
    .ARM.Collect$$$$0000000D                 0x080000fc   Section        0  entry10a.o(.ARM.Collect$$$$0000000D)
    .ARM.Collect$$$$0000000F                 0x080000fc   Section        0  entry11a.o(.ARM.Collect$$$$0000000F)
    .ARM.Collect$$$$00002712                 0x080000fc   Section        4  entry2.o(.ARM.Collect$$$$00002712)
    __lit__00000000                          0x080000fc   Data           4  entry2.o(.ARM.Collect$$$$00002712)
    .text                                    0x08000100   Section       36  startup_stm32f10x_md.o(.text)
    .text                                    0x08000124   Section        0  strstr.o(.text)
    .text                                    0x08000148   Section        0  strcmp.o(.text)
    .text                                    0x08000164   Section        0  __0sscanf.o(.text)
    .text                                    0x0800019c   Section        0  scanf_fp.o(.text)
    _fp_value                                0x0800019d   Thumb Code   296  scanf_fp.o(.text)
    .text                                    0x080004fc   Section        0  fadd.o(.text)
    .text                                    0x080005ac   Section        0  fmul.o(.text)
    .text                                    0x08000610   Section        0  dadd.o(.text)
    .text                                    0x0800075e   Section        0  dmul.o(.text)
    .text                                    0x08000842   Section        0  ddiv.o(.text)
    .text                                    0x08000920   Section        0  fflti.o(.text)
    .text                                    0x08000932   Section        0  ffltui.o(.text)
    .text                                    0x0800093c   Section        0  ffixi.o(.text)
    .text                                    0x0800096e   Section        0  f2d.o(.text)
    .text                                    0x08000994   Section       48  cdrcmple.o(.text)
    .text                                    0x080009c4   Section        0  d2f.o(.text)
    .text                                    0x080009fc   Section       20  cfcmple.o(.text)
    .text                                    0x08000a10   Section       20  cfrcmple.o(.text)
    .text                                    0x08000a24   Section        0  uidiv.o(.text)
    .text                                    0x08000a50   Section        0  uldiv.o(.text)
    .text                                    0x08000ab2   Section        0  llshl.o(.text)
    .text                                    0x08000ad0   Section        0  llushr.o(.text)
    .text                                    0x08000af0   Section        0  llsshr.o(.text)
    .text                                    0x08000b14   Section        0  scanf_char.o(.text)
    _scanf_char_input                        0x08000b15   Thumb Code    12  scanf_char.o(.text)
    .text                                    0x08000b3c   Section        0  _sgetc.o(.text)
    .text                                    0x08000b7c   Section        0  fepilogue.o(.text)
    .text                                    0x08000b7c   Section        0  iusefp.o(.text)
    .text                                    0x08000bea   Section        0  depilogue.o(.text)
    .text                                    0x08000ca4   Section        0  dfltul.o(.text)
    .text                                    0x08000cbc   Section        0  dfixul.o(.text)
    .text                                    0x08000cec   Section       36  init.o(.text)
    .text                                    0x08000d10   Section        0  isspace_c.o(.text)
    .text                                    0x08000d1c   Section        0  _scanf.o(.text)
    .text                                    0x08001048   Section        0  ctype_c.o(.text)
    i.BusFault_Handler                       0x08001070   Section        0  stm32f10x_it.o(i.BusFault_Handler)
    i.DebugMon_Handler                       0x08001074   Section        0  stm32f10x_it.o(i.DebugMon_Handler)
    i.Encoder1_Get                           0x08001078   Section        0  encoder.o(i.Encoder1_Get)
    i.Encoder2_Get                           0x08001094   Section        0  encoder.o(i.Encoder2_Get)
    i.Encoder_Init                           0x080010b0   Section        0  encoder.o(i.Encoder_Init)
    i.GPIO_Init                              0x080011b4   Section        0  stm32f10x_gpio.o(i.GPIO_Init)
    i.GPIO_ReadInputDataBit                  0x080012ca   Section        0  stm32f10x_gpio.o(i.GPIO_ReadInputDataBit)
    i.GPIO_ResetBits                         0x080012dc   Section        0  stm32f10x_gpio.o(i.GPIO_ResetBits)
    i.GPIO_SetBits                           0x080012e0   Section        0  stm32f10x_gpio.o(i.GPIO_SetBits)
    i.GPIO_WriteBit                          0x080012e4   Section        0  stm32f10x_gpio.o(i.GPIO_WriteBit)
    i.HardFault_Handler                      0x080012ee   Section        0  stm32f10x_it.o(i.HardFault_Handler)
    i.Key_GetNum                             0x080012f4   Section        0  key.o(i.Key_GetNum)
    i.Key_GetState                           0x08001310   Section        0  key.o(i.Key_GetState)
    i.Key_Init                               0x08001328   Section        0  key.o(i.Key_Init)
    i.Key_Tick                               0x0800135c   Section        0  key.o(i.Key_Tick)
    i.MemManage_Handler                      0x080013ac   Section        0  stm32f10x_it.o(i.MemManage_Handler)
    i.Motor1_SetPWM                          0x080013b0   Section        0  motor.o(i.Motor1_SetPWM)
    i.Motor2_SetPWM                          0x080013f8   Section        0  motor.o(i.Motor2_SetPWM)
    i.Motor_Init                             0x08001440   Section        0  motor.o(i.Motor_Init)
    i.NMI_Handler                            0x08001470   Section        0  stm32f10x_it.o(i.NMI_Handler)
    i.NVIC_Init                              0x08001474   Section        0  misc.o(i.NVIC_Init)
    i.NVIC_PriorityGroupConfig               0x080014e4   Section        0  misc.o(i.NVIC_PriorityGroupConfig)
    i.OLED_Clear                             0x080014f8   Section        0  oled.o(i.OLED_Clear)
    i.OLED_ClearArea                         0x08001520   Section        0  oled.o(i.OLED_ClearArea)
    i.OLED_GPIO_Init                         0x080015b0   Section        0  oled.o(i.OLED_GPIO_Init)
    i.OLED_I2C_SendByte                      0x08001610   Section        0  oled.o(i.OLED_I2C_SendByte)
    i.OLED_I2C_Start                         0x0800164e   Section        0  oled.o(i.OLED_I2C_Start)
    i.OLED_I2C_Stop                          0x0800166a   Section        0  oled.o(i.OLED_I2C_Stop)
    i.OLED_Init                              0x08001680   Section        0  oled.o(i.OLED_Init)
    i.OLED_Pow                               0x0800171a   Section        0  oled.o(i.OLED_Pow)
    i.OLED_SetCursor                         0x0800172e   Section        0  oled.o(i.OLED_SetCursor)
    i.OLED_ShowChar                          0x08001750   Section        0  oled.o(i.OLED_ShowChar)
    i.OLED_ShowImage                         0x080017a4   Section        0  oled.o(i.OLED_ShowImage)
    i.OLED_ShowNum                           0x080018a0   Section        0  oled.o(i.OLED_ShowNum)
    i.OLED_ShowString                        0x080018ec   Section        0  oled.o(i.OLED_ShowString)
    i.OLED_Update                            0x08001ab0   Section        0  oled.o(i.OLED_Update)
    i.OLED_W_SCL                             0x08001ad8   Section        0  oled.o(i.OLED_W_SCL)
    i.OLED_W_SDA                             0x08001af0   Section        0  oled.o(i.OLED_W_SDA)
    i.OLED_WriteCommand                      0x08001b08   Section        0  oled.o(i.OLED_WriteCommand)
    i.OLED_WriteData                         0x08001b28   Section        0  oled.o(i.OLED_WriteData)
    i.PWM_Init                               0x08001b58   Section        0  pwm.o(i.PWM_Init)
    i.PWM_SetCompare1                        0x08001bf8   Section        0  pwm.o(i.PWM_SetCompare1)
    i.PWM_SetCompare2                        0x08001c08   Section        0  pwm.o(i.PWM_SetCompare2)
    i.PendSV_Handler                         0x08001c18   Section        0  stm32f10x_it.o(i.PendSV_Handler)
    i.RCC_APB1PeriphClockCmd                 0x08001c1c   Section        0  stm32f10x_rcc.o(i.RCC_APB1PeriphClockCmd)
    i.RCC_APB2PeriphClockCmd                 0x08001c3c   Section        0  stm32f10x_rcc.o(i.RCC_APB2PeriphClockCmd)
    i.RCC_GetClocksFreq                      0x08001c5c   Section        0  stm32f10x_rcc.o(i.RCC_GetClocksFreq)
    i.SVC_Handler                            0x08001d30   Section        0  stm32f10x_it.o(i.SVC_Handler)
    i.Serial_GetRxFlag                       0x08001d34   Section        0  serial.o(i.Serial_GetRxFlag)
    i.Serial_Init                            0x08001d50   Section        0  serial.o(i.Serial_Init)
    i.Serial_Printf                          0x08001e08   Section        0  serial.o(i.Serial_Printf)
    i.Serial_SendByte                        0x08001e2c   Section        0  serial.o(i.Serial_SendByte)
    i.Serial_SendString                      0x08001e4c   Section        0  serial.o(i.Serial_SendString)
    i.SetSysClock                            0x08001e66   Section        0  system_stm32f10x.o(i.SetSysClock)
    SetSysClock                              0x08001e67   Thumb Code     8  system_stm32f10x.o(i.SetSysClock)
    i.SetSysClockTo72                        0x08001e70   Section        0  system_stm32f10x.o(i.SetSysClockTo72)
    SetSysClockTo72                          0x08001e71   Thumb Code   214  system_stm32f10x.o(i.SetSysClockTo72)
    i.SysTick_Handler                        0x08001f50   Section        0  main.o(i.SysTick_Handler)
    i.SysTick_Init                           0x08001f68   Section        0  main.o(i.SysTick_Init)
    i.SystemInit                             0x08001fc8   Section        0  system_stm32f10x.o(i.SystemInit)
    i.TI1_Config                             0x08002028   Section        0  stm32f10x_tim.o(i.TI1_Config)
    TI1_Config                               0x08002029   Thumb Code   108  stm32f10x_tim.o(i.TI1_Config)
    i.TI2_Config                             0x080020a8   Section        0  stm32f10x_tim.o(i.TI2_Config)
    TI2_Config                               0x080020a9   Thumb Code   130  stm32f10x_tim.o(i.TI2_Config)
    i.TI3_Config                             0x08002140   Section        0  stm32f10x_tim.o(i.TI3_Config)
    TI3_Config                               0x08002141   Thumb Code   122  stm32f10x_tim.o(i.TI3_Config)
    i.TI4_Config                             0x080021d0   Section        0  stm32f10x_tim.o(i.TI4_Config)
    TI4_Config                               0x080021d1   Thumb Code   130  stm32f10x_tim.o(i.TI4_Config)
    i.TIM1_UP_IRQHandler                     0x08002268   Section        0  main.o(i.TIM1_UP_IRQHandler)
    i.TIM_ClearFlag                          0x080024e0   Section        0  stm32f10x_tim.o(i.TIM_ClearFlag)
    i.TIM_ClearITPendingBit                  0x080024e6   Section        0  stm32f10x_tim.o(i.TIM_ClearITPendingBit)
    i.TIM_Cmd                                0x080024ec   Section        0  stm32f10x_tim.o(i.TIM_Cmd)
    i.TIM_EncoderInterfaceConfig             0x08002504   Section        0  stm32f10x_tim.o(i.TIM_EncoderInterfaceConfig)
    i.TIM_GetCounter                         0x08002546   Section        0  stm32f10x_tim.o(i.TIM_GetCounter)
    i.TIM_GetITStatus                        0x0800254c   Section        0  stm32f10x_tim.o(i.TIM_GetITStatus)
    i.TIM_ICInit                             0x08002570   Section        0  stm32f10x_tim.o(i.TIM_ICInit)
    i.TIM_ICStructInit                       0x0800261c   Section        0  stm32f10x_tim.o(i.TIM_ICStructInit)
    i.TIM_ITConfig                           0x0800262e   Section        0  stm32f10x_tim.o(i.TIM_ITConfig)
    i.TIM_InternalClockConfig                0x08002640   Section        0  stm32f10x_tim.o(i.TIM_InternalClockConfig)
    i.TIM_OC3Init                            0x0800264c   Section        0  stm32f10x_tim.o(i.TIM_OC3Init)
    i.TIM_OC4Init                            0x080026ec   Section        0  stm32f10x_tim.o(i.TIM_OC4Init)
    i.TIM_OCStructInit                       0x08002768   Section        0  stm32f10x_tim.o(i.TIM_OCStructInit)
    i.TIM_SetCompare3                        0x0800277c   Section        0  stm32f10x_tim.o(i.TIM_SetCompare3)
    i.TIM_SetCompare4                        0x08002780   Section        0  stm32f10x_tim.o(i.TIM_SetCompare4)
    i.TIM_SetCounter                         0x08002786   Section        0  stm32f10x_tim.o(i.TIM_SetCounter)
    i.TIM_SetIC1Prescaler                    0x0800278a   Section        0  stm32f10x_tim.o(i.TIM_SetIC1Prescaler)
    i.TIM_SetIC2Prescaler                    0x0800279c   Section        0  stm32f10x_tim.o(i.TIM_SetIC2Prescaler)
    i.TIM_SetIC3Prescaler                    0x080027b6   Section        0  stm32f10x_tim.o(i.TIM_SetIC3Prescaler)
    i.TIM_SetIC4Prescaler                    0x080027c8   Section        0  stm32f10x_tim.o(i.TIM_SetIC4Prescaler)
    i.TIM_TimeBaseInit                       0x080027e4   Section        0  stm32f10x_tim.o(i.TIM_TimeBaseInit)
    i.Timer_Init                             0x08002888   Section        0  timer.o(i.Timer_Init)
    i.USART1_IRQHandler                      0x08002904   Section        0  serial.o(i.USART1_IRQHandler)
    i.USART_ClearITPendingBit                0x080029a4   Section        0  stm32f10x_usart.o(i.USART_ClearITPendingBit)
    i.USART_Cmd                              0x080029c2   Section        0  stm32f10x_usart.o(i.USART_Cmd)
    i.USART_GetFlagStatus                    0x080029da   Section        0  stm32f10x_usart.o(i.USART_GetFlagStatus)
    i.USART_GetITStatus                      0x080029f4   Section        0  stm32f10x_usart.o(i.USART_GetITStatus)
    i.USART_ITConfig                         0x08002a48   Section        0  stm32f10x_usart.o(i.USART_ITConfig)
    i.USART_Init                             0x08002a94   Section        0  stm32f10x_usart.o(i.USART_Init)
    i.USART_ReceiveData                      0x08002b6c   Section        0  stm32f10x_usart.o(i.USART_ReceiveData)
    i.USART_SendData                         0x08002b76   Section        0  stm32f10x_usart.o(i.USART_SendData)
    i.UsageFault_Handler                     0x08002b7e   Section        0  stm32f10x_it.o(i.UsageFault_Handler)
    i.__0vsprintf                            0x08002b84   Section        0  printfa.o(i.__0vsprintf)
    i.__scatterload_copy                     0x08002ba8   Section       14  handlers.o(i.__scatterload_copy)
    i.__scatterload_null                     0x08002bb6   Section        2  handlers.o(i.__scatterload_null)
    i.__scatterload_zeroinit                 0x08002bb8   Section       14  handlers.o(i.__scatterload_zeroinit)
    i._fp_digits                             0x08002bc8   Section        0  printfa.o(i._fp_digits)
    _fp_digits                               0x08002bc9   Thumb Code   366  printfa.o(i._fp_digits)
    i._is_digit                              0x08002d4c   Section        0  scanf_fp.o(i._is_digit)
    i._printf_core                           0x08002d5c   Section        0  printfa.o(i._printf_core)
    _printf_core                             0x08002d5d   Thumb Code  1744  printfa.o(i._printf_core)
    i._printf_post_padding                   0x08003438   Section        0  printfa.o(i._printf_post_padding)
    _printf_post_padding                     0x08003439   Thumb Code    36  printfa.o(i._printf_post_padding)
    i._printf_pre_padding                    0x0800345c   Section        0  printfa.o(i._printf_pre_padding)
    _printf_pre_padding                      0x0800345d   Thumb Code    46  printfa.o(i._printf_pre_padding)
    i._sputc                                 0x0800348a   Section        0  printfa.o(i._sputc)
    _sputc                                   0x0800348b   Thumb Code    10  printfa.o(i._sputc)
    i.main                                   0x08003494   Section        0  main.o(i.main)
    .constdata                               0x08003674   Section     2381  oled_data.o(.constdata)
    .constdata                               0x08003fc1   Section       64  ctype_c.o(.constdata)
    .data                                    0x20000000   Section       20  system_stm32f10x.o(.data)
    .data                                    0x20000014   Section       20  stm32f10x_rcc.o(.data)
    APBAHBPrescTable                         0x20000014   Data          16  stm32f10x_rcc.o(.data)
    ADCPrescTable                            0x20000024   Data           4  stm32f10x_rcc.o(.data)
    .data                                    0x20000028   Section        4  key.o(.data)
    Count                                    0x20000029   Data           1  key.o(.data)
    CurrState                                0x2000002a   Data           1  key.o(.data)
    PrevState                                0x2000002b   Data           1  key.o(.data)
    .data                                    0x2000002c   Section        4  serial.o(.data)
    RxState                                  0x2000002e   Data           1  serial.o(.data)
    pRxPacket                                0x2000002f   Data           1  serial.o(.data)
    .data                                    0x20000030   Section       98  main.o(.data)
    Count                                    0x20000090   Data           2  main.o(.data)
    .bss                                     0x20000094   Section     1024  oled.o(.bss)
    .bss                                     0x20000494   Section      100  serial.o(.bss)
    STACK                                    0x200004f8   Section     1024  startup_stm32f10x_md.o(STACK)

    Global Symbols

    Symbol Name                              Value     Ov Type        Size  Object(Section)

    BuildAttributes$$THM_ISAv4$P$D$K$B$S$PE$A:L22UL41UL21$X:L11$S22US41US21$IEEE1$IW$USESV6$~STKCKD$USESV7$~SHL$OTIME$ROPI$IEEEX$EBA8$MICROLIB$REQ8$PRES8$EABIv2 0x00000000   Number         0  anon$$obj.o ABSOLUTE
    __ARM_use_no_argv                        0x00000000   Number         0  main.o ABSOLUTE
    __cpp_initialize__aeabi_                  - Undefined Weak Reference
    __cxa_finalize                            - Undefined Weak Reference
    __decompress                              - Undefined Weak Reference
    _clock_init                               - Undefined Weak Reference
    _microlib_exit                            - Undefined Weak Reference
    _scanf_int                                - Undefined Weak Reference
    _scanf_longlong                           - Undefined Weak Reference
    _scanf_string                             - Undefined Weak Reference
    __Vectors_Size                           0x000000ec   Number         0  startup_stm32f10x_md.o ABSOLUTE
    __Vectors                                0x08000000   Data           4  startup_stm32f10x_md.o(RESET)
    __Vectors_End                            0x080000ec   Data           0  startup_stm32f10x_md.o(RESET)
    __main                                   0x080000ed   Thumb Code     0  entry.o(.ARM.Collect$$$$00000000)
    _main_stk                                0x080000ed   Thumb Code     0  entry2.o(.ARM.Collect$$$$00000001)
    _main_scatterload                        0x080000f1   Thumb Code     0  entry5.o(.ARM.Collect$$$$00000004)
    __main_after_scatterload                 0x080000f5   Thumb Code     0  entry5.o(.ARM.Collect$$$$00000004)
    _main_clock                              0x080000f5   Thumb Code     0  entry7b.o(.ARM.Collect$$$$00000008)
    _main_cpp_init                           0x080000f5   Thumb Code     0  entry8b.o(.ARM.Collect$$$$0000000A)
    _main_init                               0x080000f5   Thumb Code     0  entry9a.o(.ARM.Collect$$$$0000000B)
    __rt_final_cpp                           0x080000fd   Thumb Code     0  entry10a.o(.ARM.Collect$$$$0000000D)
    __rt_final_exit                          0x080000fd   Thumb Code     0  entry11a.o(.ARM.Collect$$$$0000000F)
    Reset_Handler                            0x08000101   Thumb Code     8  startup_stm32f10x_md.o(.text)
    ADC1_2_IRQHandler                        0x0800011b   Thumb Code     0  startup_stm32f10x_md.o(.text)
    CAN1_RX1_IRQHandler                      0x0800011b   Thumb Code     0  startup_stm32f10x_md.o(.text)
    CAN1_SCE_IRQHandler                      0x0800011b   Thumb Code     0  startup_stm32f10x_md.o(.text)
    DMA1_Channel1_IRQHandler                 0x0800011b   Thumb Code     0  startup_stm32f10x_md.o(.text)
    DMA1_Channel2_IRQHandler                 0x0800011b   Thumb Code     0  startup_stm32f10x_md.o(.text)
    DMA1_Channel3_IRQHandler                 0x0800011b   Thumb Code     0  startup_stm32f10x_md.o(.text)
    DMA1_Channel4_IRQHandler                 0x0800011b   Thumb Code     0  startup_stm32f10x_md.o(.text)
    DMA1_Channel5_IRQHandler                 0x0800011b   Thumb Code     0  startup_stm32f10x_md.o(.text)
    DMA1_Channel6_IRQHandler                 0x0800011b   Thumb Code     0  startup_stm32f10x_md.o(.text)
    DMA1_Channel7_IRQHandler                 0x0800011b   Thumb Code     0  startup_stm32f10x_md.o(.text)
    EXTI0_IRQHandler                         0x0800011b   Thumb Code     0  startup_stm32f10x_md.o(.text)
    EXTI15_10_IRQHandler                     0x0800011b   Thumb Code     0  startup_stm32f10x_md.o(.text)
    EXTI1_IRQHandler                         0x0800011b   Thumb Code     0  startup_stm32f10x_md.o(.text)
    EXTI2_IRQHandler                         0x0800011b   Thumb Code     0  startup_stm32f10x_md.o(.text)
    EXTI3_IRQHandler                         0x0800011b   Thumb Code     0  startup_stm32f10x_md.o(.text)
    EXTI4_IRQHandler                         0x0800011b   Thumb Code     0  startup_stm32f10x_md.o(.text)
    EXTI9_5_IRQHandler                       0x0800011b   Thumb Code     0  startup_stm32f10x_md.o(.text)
    FLASH_IRQHandler                         0x0800011b   Thumb Code     0  startup_stm32f10x_md.o(.text)
    I2C1_ER_IRQHandler                       0x0800011b   Thumb Code     0  startup_stm32f10x_md.o(.text)
    I2C1_EV_IRQHandler                       0x0800011b   Thumb Code     0  startup_stm32f10x_md.o(.text)
    I2C2_ER_IRQHandler                       0x0800011b   Thumb Code     0  startup_stm32f10x_md.o(.text)
    I2C2_EV_IRQHandler                       0x0800011b   Thumb Code     0  startup_stm32f10x_md.o(.text)
    PVD_IRQHandler                           0x0800011b   Thumb Code     0  startup_stm32f10x_md.o(.text)
    RCC_IRQHandler                           0x0800011b   Thumb Code     0  startup_stm32f10x_md.o(.text)
    RTCAlarm_IRQHandler                      0x0800011b   Thumb Code     0  startup_stm32f10x_md.o(.text)
    RTC_IRQHandler                           0x0800011b   Thumb Code     0  startup_stm32f10x_md.o(.text)
    SPI1_IRQHandler                          0x0800011b   Thumb Code     0  startup_stm32f10x_md.o(.text)
    SPI2_IRQHandler                          0x0800011b   Thumb Code     0  startup_stm32f10x_md.o(.text)
    TAMPER_IRQHandler                        0x0800011b   Thumb Code     0  startup_stm32f10x_md.o(.text)
    TIM1_BRK_IRQHandler                      0x0800011b   Thumb Code     0  startup_stm32f10x_md.o(.text)
    TIM1_CC_IRQHandler                       0x0800011b   Thumb Code     0  startup_stm32f10x_md.o(.text)
    TIM1_TRG_COM_IRQHandler                  0x0800011b   Thumb Code     0  startup_stm32f10x_md.o(.text)
    TIM2_IRQHandler                          0x0800011b   Thumb Code     0  startup_stm32f10x_md.o(.text)
    TIM3_IRQHandler                          0x0800011b   Thumb Code     0  startup_stm32f10x_md.o(.text)
    TIM4_IRQHandler                          0x0800011b   Thumb Code     0  startup_stm32f10x_md.o(.text)
    USART2_IRQHandler                        0x0800011b   Thumb Code     0  startup_stm32f10x_md.o(.text)
    USART3_IRQHandler                        0x0800011b   Thumb Code     0  startup_stm32f10x_md.o(.text)
    USBWakeUp_IRQHandler                     0x0800011b   Thumb Code     0  startup_stm32f10x_md.o(.text)
    USB_HP_CAN1_TX_IRQHandler                0x0800011b   Thumb Code     0  startup_stm32f10x_md.o(.text)
    USB_LP_CAN1_RX0_IRQHandler               0x0800011b   Thumb Code     0  startup_stm32f10x_md.o(.text)
    WWDG_IRQHandler                          0x0800011b   Thumb Code     0  startup_stm32f10x_md.o(.text)
    strstr                                   0x08000125   Thumb Code    36  strstr.o(.text)
    strcmp                                   0x08000149   Thumb Code    28  strcmp.o(.text)
    __0sscanf                                0x08000165   Thumb Code    48  __0sscanf.o(.text)
    _scanf_real                              0x080002c5   Thumb Code     0  scanf_fp.o(.text)
    _scanf_really_real                       0x080002c5   Thumb Code   556  scanf_fp.o(.text)
    __aeabi_fadd                             0x080004fd   Thumb Code   164  fadd.o(.text)
    __aeabi_fsub                             0x080005a1   Thumb Code     6  fadd.o(.text)
    __aeabi_frsub                            0x080005a7   Thumb Code     6  fadd.o(.text)
    __aeabi_fmul                             0x080005ad   Thumb Code   100  fmul.o(.text)
    __aeabi_dadd                             0x08000611   Thumb Code   322  dadd.o(.text)
    __aeabi_dsub                             0x08000753   Thumb Code     6  dadd.o(.text)
    __aeabi_drsub                            0x08000759   Thumb Code     6  dadd.o(.text)
    __aeabi_dmul                             0x0800075f   Thumb Code   228  dmul.o(.text)
    __aeabi_ddiv                             0x08000843   Thumb Code   222  ddiv.o(.text)
    __aeabi_i2f                              0x08000921   Thumb Code    18  fflti.o(.text)
    __aeabi_ui2f                             0x08000933   Thumb Code    10  ffltui.o(.text)
    __aeabi_f2iz                             0x0800093d   Thumb Code    50  ffixi.o(.text)
    __aeabi_f2d                              0x0800096f   Thumb Code    38  f2d.o(.text)
    __aeabi_cdrcmple                         0x08000995   Thumb Code    48  cdrcmple.o(.text)
    __aeabi_d2f                              0x080009c5   Thumb Code    56  d2f.o(.text)
    __aeabi_cfcmpeq                          0x080009fd   Thumb Code     0  cfcmple.o(.text)
    __aeabi_cfcmple                          0x080009fd   Thumb Code    20  cfcmple.o(.text)
    __aeabi_cfrcmple                         0x08000a11   Thumb Code    20  cfrcmple.o(.text)
    __aeabi_uidiv                            0x08000a25   Thumb Code     0  uidiv.o(.text)
    __aeabi_uidivmod                         0x08000a25   Thumb Code    44  uidiv.o(.text)
    __aeabi_uldivmod                         0x08000a51   Thumb Code    98  uldiv.o(.text)
    __aeabi_llsl                             0x08000ab3   Thumb Code    30  llshl.o(.text)
    _ll_shift_l                              0x08000ab3   Thumb Code     0  llshl.o(.text)
    __aeabi_llsr                             0x08000ad1   Thumb Code    32  llushr.o(.text)
    _ll_ushift_r                             0x08000ad1   Thumb Code     0  llushr.o(.text)
    __aeabi_lasr                             0x08000af1   Thumb Code    36  llsshr.o(.text)
    _ll_sshift_r                             0x08000af1   Thumb Code     0  llsshr.o(.text)
    __vfscanf_char                           0x08000b21   Thumb Code    20  scanf_char.o(.text)
    _sgetc                                   0x08000b3d   Thumb Code    30  _sgetc.o(.text)
    _sbackspace                              0x08000b5b   Thumb Code    34  _sgetc.o(.text)
    __I$use$fp                               0x08000b7d   Thumb Code     0  iusefp.o(.text)
    _float_round                             0x08000b7d   Thumb Code    18  fepilogue.o(.text)
    _float_epilogue                          0x08000b8f   Thumb Code    92  fepilogue.o(.text)
    _double_round                            0x08000beb   Thumb Code    30  depilogue.o(.text)
    _double_epilogue                         0x08000c09   Thumb Code   156  depilogue.o(.text)
    __aeabi_ul2d                             0x08000ca5   Thumb Code    24  dfltul.o(.text)
    __aeabi_d2ulz                            0x08000cbd   Thumb Code    48  dfixul.o(.text)
    __scatterload                            0x08000ced   Thumb Code    28  init.o(.text)
    __scatterload_rt2                        0x08000ced   Thumb Code     0  init.o(.text)
    isspace                                  0x08000d11   Thumb Code    10  isspace_c.o(.text)
    __vfscanf                                0x08000d1d   Thumb Code   808  _scanf.o(.text)
    __ctype_lookup                           0x08001049   Thumb Code    34  ctype_c.o(.text)
    BusFault_Handler                         0x08001071   Thumb Code     4  stm32f10x_it.o(i.BusFault_Handler)
    DebugMon_Handler                         0x08001075   Thumb Code     2  stm32f10x_it.o(i.DebugMon_Handler)
    Encoder1_Get                             0x08001079   Thumb Code    22  encoder.o(i.Encoder1_Get)
    Encoder2_Get                             0x08001095   Thumb Code    22  encoder.o(i.Encoder2_Get)
    Encoder_Init                             0x080010b1   Thumb Code   242  encoder.o(i.Encoder_Init)
    GPIO_Init                                0x080011b5   Thumb Code   278  stm32f10x_gpio.o(i.GPIO_Init)
    GPIO_ReadInputDataBit                    0x080012cb   Thumb Code    18  stm32f10x_gpio.o(i.GPIO_ReadInputDataBit)
    GPIO_ResetBits                           0x080012dd   Thumb Code     4  stm32f10x_gpio.o(i.GPIO_ResetBits)
    GPIO_SetBits                             0x080012e1   Thumb Code     4  stm32f10x_gpio.o(i.GPIO_SetBits)
    GPIO_WriteBit                            0x080012e5   Thumb Code    10  stm32f10x_gpio.o(i.GPIO_WriteBit)
    HardFault_Handler                        0x080012ef   Thumb Code     4  stm32f10x_it.o(i.HardFault_Handler)
    Key_GetNum                               0x080012f5   Thumb Code    24  key.o(i.Key_GetNum)
    Key_GetState                             0x08001311   Thumb Code    20  key.o(i.Key_GetState)
    Key_Init                                 0x08001329   Thumb Code    46  key.o(i.Key_Init)
    Key_Tick                                 0x0800135d   Thumb Code    62  key.o(i.Key_Tick)
    MemManage_Handler                        0x080013ad   Thumb Code     4  stm32f10x_it.o(i.MemManage_Handler)
    Motor1_SetPWM                            0x080013b1   Thumb Code    66  motor.o(i.Motor1_SetPWM)
    Motor2_SetPWM                            0x080013f9   Thumb Code    66  motor.o(i.Motor2_SetPWM)
    Motor_Init                               0x08001441   Thumb Code    44  motor.o(i.Motor_Init)
    NMI_Handler                              0x08001471   Thumb Code     2  stm32f10x_it.o(i.NMI_Handler)
    NVIC_Init                                0x08001475   Thumb Code   100  misc.o(i.NVIC_Init)
    NVIC_PriorityGroupConfig                 0x080014e5   Thumb Code    10  misc.o(i.NVIC_PriorityGroupConfig)
    OLED_Clear                               0x080014f9   Thumb Code    36  oled.o(i.OLED_Clear)
    OLED_ClearArea                           0x08001521   Thumb Code   140  oled.o(i.OLED_ClearArea)
    OLED_GPIO_Init                           0x080015b1   Thumb Code    92  oled.o(i.OLED_GPIO_Init)
    OLED_I2C_SendByte                        0x08001611   Thumb Code    62  oled.o(i.OLED_I2C_SendByte)
    OLED_I2C_Start                           0x0800164f   Thumb Code    28  oled.o(i.OLED_I2C_Start)
    OLED_I2C_Stop                            0x0800166b   Thumb Code    22  oled.o(i.OLED_I2C_Stop)
    OLED_Init                                0x08001681   Thumb Code   154  oled.o(i.OLED_Init)
    OLED_Pow                                 0x0800171b   Thumb Code    20  oled.o(i.OLED_Pow)
    OLED_SetCursor                           0x0800172f   Thumb Code    34  oled.o(i.OLED_SetCursor)
    OLED_ShowChar                            0x08001751   Thumb Code    74  oled.o(i.OLED_ShowChar)
    OLED_ShowImage                           0x080017a5   Thumb Code   248  oled.o(i.OLED_ShowImage)
    OLED_ShowNum                             0x080018a1   Thumb Code    76  oled.o(i.OLED_ShowNum)
    OLED_ShowString                          0x080018ed   Thumb Code   442  oled.o(i.OLED_ShowString)
    OLED_Update                              0x08001ab1   Thumb Code    36  oled.o(i.OLED_Update)
    OLED_W_SCL                               0x08001ad9   Thumb Code    18  oled.o(i.OLED_W_SCL)
    OLED_W_SDA                               0x08001af1   Thumb Code    18  oled.o(i.OLED_W_SDA)
    OLED_WriteCommand                        0x08001b09   Thumb Code    32  oled.o(i.OLED_WriteCommand)
    OLED_WriteData                           0x08001b29   Thumb Code    46  oled.o(i.OLED_WriteData)
    PWM_Init                                 0x08001b59   Thumb Code   154  pwm.o(i.PWM_Init)
    PWM_SetCompare1                          0x08001bf9   Thumb Code    16  pwm.o(i.PWM_SetCompare1)
    PWM_SetCompare2                          0x08001c09   Thumb Code    16  pwm.o(i.PWM_SetCompare2)
    PendSV_Handler                           0x08001c19   Thumb Code     2  stm32f10x_it.o(i.PendSV_Handler)
    RCC_APB1PeriphClockCmd                   0x08001c1d   Thumb Code    26  stm32f10x_rcc.o(i.RCC_APB1PeriphClockCmd)
    RCC_APB2PeriphClockCmd                   0x08001c3d   Thumb Code    26  stm32f10x_rcc.o(i.RCC_APB2PeriphClockCmd)
    RCC_GetClocksFreq                        0x08001c5d   Thumb Code   192  stm32f10x_rcc.o(i.RCC_GetClocksFreq)
    SVC_Handler                              0x08001d31   Thumb Code     2  stm32f10x_it.o(i.SVC_Handler)
    Serial_GetRxFlag                         0x08001d35   Thumb Code    22  serial.o(i.Serial_GetRxFlag)
    Serial_Init                              0x08001d51   Thumb Code   174  serial.o(i.Serial_Init)
    Serial_Printf                            0x08001e09   Thumb Code    36  serial.o(i.Serial_Printf)
    Serial_SendByte                          0x08001e2d   Thumb Code    28  serial.o(i.Serial_SendByte)
    Serial_SendString                        0x08001e4d   Thumb Code    26  serial.o(i.Serial_SendString)
    SysTick_Handler                          0x08001f51   Thumb Code    18  main.o(i.SysTick_Handler)
    SysTick_Init                             0x08001f69   Thumb Code    84  main.o(i.SysTick_Init)
    SystemInit                               0x08001fc9   Thumb Code    78  system_stm32f10x.o(i.SystemInit)
    TIM1_UP_IRQHandler                       0x08002269   Thumb Code   528  main.o(i.TIM1_UP_IRQHandler)
    TIM_ClearFlag                            0x080024e1   Thumb Code     6  stm32f10x_tim.o(i.TIM_ClearFlag)
    TIM_ClearITPendingBit                    0x080024e7   Thumb Code     6  stm32f10x_tim.o(i.TIM_ClearITPendingBit)
    TIM_Cmd                                  0x080024ed   Thumb Code    24  stm32f10x_tim.o(i.TIM_Cmd)
    TIM_EncoderInterfaceConfig               0x08002505   Thumb Code    66  stm32f10x_tim.o(i.TIM_EncoderInterfaceConfig)
    TIM_GetCounter                           0x08002547   Thumb Code     6  stm32f10x_tim.o(i.TIM_GetCounter)
    TIM_GetITStatus                          0x0800254d   Thumb Code    34  stm32f10x_tim.o(i.TIM_GetITStatus)
    TIM_ICInit                               0x08002571   Thumb Code   150  stm32f10x_tim.o(i.TIM_ICInit)
    TIM_ICStructInit                         0x0800261d   Thumb Code    18  stm32f10x_tim.o(i.TIM_ICStructInit)
    TIM_ITConfig                             0x0800262f   Thumb Code    18  stm32f10x_tim.o(i.TIM_ITConfig)
    TIM_InternalClockConfig                  0x08002641   Thumb Code    12  stm32f10x_tim.o(i.TIM_InternalClockConfig)
    TIM_OC3Init                              0x0800264d   Thumb Code   150  stm32f10x_tim.o(i.TIM_OC3Init)
    TIM_OC4Init                              0x080026ed   Thumb Code   114  stm32f10x_tim.o(i.TIM_OC4Init)
    TIM_OCStructInit                         0x08002769   Thumb Code    20  stm32f10x_tim.o(i.TIM_OCStructInit)
    TIM_SetCompare3                          0x0800277d   Thumb Code     4  stm32f10x_tim.o(i.TIM_SetCompare3)
    TIM_SetCompare4                          0x08002781   Thumb Code     6  stm32f10x_tim.o(i.TIM_SetCompare4)
    TIM_SetCounter                           0x08002787   Thumb Code     4  stm32f10x_tim.o(i.TIM_SetCounter)
    TIM_SetIC1Prescaler                      0x0800278b   Thumb Code    18  stm32f10x_tim.o(i.TIM_SetIC1Prescaler)
    TIM_SetIC2Prescaler                      0x0800279d   Thumb Code    26  stm32f10x_tim.o(i.TIM_SetIC2Prescaler)
    TIM_SetIC3Prescaler                      0x080027b7   Thumb Code    18  stm32f10x_tim.o(i.TIM_SetIC3Prescaler)
    TIM_SetIC4Prescaler                      0x080027c9   Thumb Code    26  stm32f10x_tim.o(i.TIM_SetIC4Prescaler)
    TIM_TimeBaseInit                         0x080027e5   Thumb Code   122  stm32f10x_tim.o(i.TIM_TimeBaseInit)
    Timer_Init                               0x08002889   Thumb Code   120  timer.o(i.Timer_Init)
    USART1_IRQHandler                        0x08002905   Thumb Code   140  serial.o(i.USART1_IRQHandler)
    USART_ClearITPendingBit                  0x080029a5   Thumb Code    30  stm32f10x_usart.o(i.USART_ClearITPendingBit)
    USART_Cmd                                0x080029c3   Thumb Code    24  stm32f10x_usart.o(i.USART_Cmd)
    USART_GetFlagStatus                      0x080029db   Thumb Code    26  stm32f10x_usart.o(i.USART_GetFlagStatus)
    USART_GetITStatus                        0x080029f5   Thumb Code    84  stm32f10x_usart.o(i.USART_GetITStatus)
    USART_ITConfig                           0x08002a49   Thumb Code    74  stm32f10x_usart.o(i.USART_ITConfig)
    USART_Init                               0x08002a95   Thumb Code   210  stm32f10x_usart.o(i.USART_Init)
    USART_ReceiveData                        0x08002b6d   Thumb Code    10  stm32f10x_usart.o(i.USART_ReceiveData)
    USART_SendData                           0x08002b77   Thumb Code     8  stm32f10x_usart.o(i.USART_SendData)
    UsageFault_Handler                       0x08002b7f   Thumb Code     4  stm32f10x_it.o(i.UsageFault_Handler)
    __0vsprintf                              0x08002b85   Thumb Code    30  printfa.o(i.__0vsprintf)
    __1vsprintf                              0x08002b85   Thumb Code     0  printfa.o(i.__0vsprintf)
    __2vsprintf                              0x08002b85   Thumb Code     0  printfa.o(i.__0vsprintf)
    __c89vsprintf                            0x08002b85   Thumb Code     0  printfa.o(i.__0vsprintf)
    vsprintf                                 0x08002b85   Thumb Code     0  printfa.o(i.__0vsprintf)
    __scatterload_copy                       0x08002ba9   Thumb Code    14  handlers.o(i.__scatterload_copy)
    __scatterload_null                       0x08002bb7   Thumb Code     2  handlers.o(i.__scatterload_null)
    __scatterload_zeroinit                   0x08002bb9   Thumb Code    14  handlers.o(i.__scatterload_zeroinit)
    _is_digit                                0x08002d4d   Thumb Code    14  scanf_fp.o(i._is_digit)
    main                                     0x08003495   Thumb Code   336  main.o(i.main)
    OLED_F8x16                               0x08003674   Data        1520  oled_data.o(.constdata)
    OLED_F6x8                                0x08003c64   Data         570  oled_data.o(.constdata)
    OLED_CF16x16                             0x08003e9e   Data         259  oled_data.o(.constdata)
    Diode                                    0x08003fa1   Data          32  oled_data.o(.constdata)
    __ctype_categories                       0x08003fc1   Data          64  ctype_c.o(.constdata)
    Region$$Table$$Base                      0x08004004   Number         0  anon$$obj.o(Region$$Table)
    Region$$Table$$Limit                     0x08004024   Number         0  anon$$obj.o(Region$$Table)
    SystemCoreClock                          0x20000000   Data           4  system_stm32f10x.o(.data)
    AHBPrescTable                            0x20000004   Data          16  system_stm32f10x.o(.data)
    Key_Num                                  0x20000028   Data           1  key.o(.data)
    Serial_RxData                            0x2000002c   Data           1  serial.o(.data)
    Serial_RxFlag                            0x2000002d   Data           1  serial.o(.data)
    KeyNum                                   0x20000030   Data           1  main.o(.data)
    system_tick                              0x20000034   Data           4  main.o(.data)
    Target1                                  0x20000038   Data           4  main.o(.data)
    Actual1                                  0x2000003c   Data           4  main.o(.data)
    Out1                                     0x20000040   Data           4  main.o(.data)
    Target2                                  0x20000044   Data           4  main.o(.data)
    Actual2                                  0x20000048   Data           4  main.o(.data)
    Out2                                     0x2000004c   Data           4  main.o(.data)
    Kp1                                      0x20000050   Data           4  main.o(.data)
    Ki1                                      0x20000054   Data           4  main.o(.data)
    Kd1                                      0x20000058   Data           4  main.o(.data)
    Kp2                                      0x2000005c   Data           4  main.o(.data)
    Ki2                                      0x20000060   Data           4  main.o(.data)
    Kd2                                      0x20000064   Data           4  main.o(.data)
    Error0_1                                 0x20000068   Data           4  main.o(.data)
    Error1_1                                 0x2000006c   Data           4  main.o(.data)
    ErrorInt_1                               0x20000070   Data           4  main.o(.data)
    Error0_2                                 0x20000074   Data           4  main.o(.data)
    Error1_2                                 0x20000078   Data           4  main.o(.data)
    ErrorInt_2                               0x2000007c   Data           4  main.o(.data)
    position1                                0x20000080   Data           4  main.o(.data)
    position2                                0x20000084   Data           4  main.o(.data)
    receiving_command                        0x20000088   Data           1  main.o(.data)
    delta1                                   0x2000008a   Data           2  main.o(.data)
    delta2                                   0x2000008c   Data           2  main.o(.data)
    current_task                             0x2000008e   Data           1  main.o(.data)
    OLED_DisplayBuf                          0x20000094   Data        1024  oled.o(.bss)
    Serial_RxPacket                          0x20000494   Data         100  serial.o(.bss)
    __initial_sp                             0x200008f8   Data           0  startup_stm32f10x_md.o(STACK)



==============================================================================

Memory Map of the image

  Image Entry point : 0x080000ed

  Load Region LR_IROM1 (Base: 0x08000000, Size: 0x000040b8, Max: 0x00010000, ABSOLUTE)

    Execution Region ER_IROM1 (Exec base: 0x08000000, Load base: 0x08000000, Size: 0x00004024, Max: 0x00010000, ABSOLUTE)

    Exec Addr    Load Addr    Size         Type   Attr      Idx    E Section Name        Object

    0x08000000   0x08000000   0x000000ec   Data   RO            3    RESET               startup_stm32f10x_md.o
    0x080000ec   0x080000ec   0x00000000   Code   RO         3866  * .ARM.Collect$$$$00000000  mc_w.l(entry.o)
    0x080000ec   0x080000ec   0x00000004   Code   RO         3968    .ARM.Collect$$$$00000001  mc_w.l(entry2.o)
    0x080000f0   0x080000f0   0x00000004   Code   RO         3971    .ARM.Collect$$$$00000004  mc_w.l(entry5.o)
    0x080000f4   0x080000f4   0x00000000   Code   RO         3973    .ARM.Collect$$$$00000008  mc_w.l(entry7b.o)
    0x080000f4   0x080000f4   0x00000000   Code   RO         3975    .ARM.Collect$$$$0000000A  mc_w.l(entry8b.o)
    0x080000f4   0x080000f4   0x00000008   Code   RO         3976    .ARM.Collect$$$$0000000B  mc_w.l(entry9a.o)
    0x080000fc   0x080000fc   0x00000000   Code   RO         3978    .ARM.Collect$$$$0000000D  mc_w.l(entry10a.o)
    0x080000fc   0x080000fc   0x00000000   Code   RO         3980    .ARM.Collect$$$$0000000F  mc_w.l(entry11a.o)
    0x080000fc   0x080000fc   0x00000004   Code   RO         3969    .ARM.Collect$$$$00002712  mc_w.l(entry2.o)
    0x08000100   0x08000100   0x00000024   Code   RO            4    .text               startup_stm32f10x_md.o
    0x08000124   0x08000124   0x00000024   Code   RO         3869    .text               mc_w.l(strstr.o)
    0x08000148   0x08000148   0x0000001c   Code   RO         3871    .text               mc_w.l(strcmp.o)
    0x08000164   0x08000164   0x00000038   Code   RO         3901    .text               mc_w.l(__0sscanf.o)
    0x0800019c   0x0800019c   0x00000360   Code   RO         3903    .text               mc_w.l(scanf_fp.o)
    0x080004fc   0x080004fc   0x000000b0   Code   RO         3907    .text               mf_w.l(fadd.o)
    0x080005ac   0x080005ac   0x00000064   Code   RO         3909    .text               mf_w.l(fmul.o)
    0x08000610   0x08000610   0x0000014e   Code   RO         3911    .text               mf_w.l(dadd.o)
    0x0800075e   0x0800075e   0x000000e4   Code   RO         3913    .text               mf_w.l(dmul.o)
    0x08000842   0x08000842   0x000000de   Code   RO         3915    .text               mf_w.l(ddiv.o)
    0x08000920   0x08000920   0x00000012   Code   RO         3917    .text               mf_w.l(fflti.o)
    0x08000932   0x08000932   0x0000000a   Code   RO         3919    .text               mf_w.l(ffltui.o)
    0x0800093c   0x0800093c   0x00000032   Code   RO         3925    .text               mf_w.l(ffixi.o)
    0x0800096e   0x0800096e   0x00000026   Code   RO         3931    .text               mf_w.l(f2d.o)
    0x08000994   0x08000994   0x00000030   Code   RO         3935    .text               mf_w.l(cdrcmple.o)
    0x080009c4   0x080009c4   0x00000038   Code   RO         3937    .text               mf_w.l(d2f.o)
    0x080009fc   0x080009fc   0x00000014   Code   RO         3939    .text               mf_w.l(cfcmple.o)
    0x08000a10   0x08000a10   0x00000014   Code   RO         3941    .text               mf_w.l(cfrcmple.o)
    0x08000a24   0x08000a24   0x0000002c   Code   RO         3983    .text               mc_w.l(uidiv.o)
    0x08000a50   0x08000a50   0x00000062   Code   RO         3985    .text               mc_w.l(uldiv.o)
    0x08000ab2   0x08000ab2   0x0000001e   Code   RO         3987    .text               mc_w.l(llshl.o)
    0x08000ad0   0x08000ad0   0x00000020   Code   RO         3989    .text               mc_w.l(llushr.o)
    0x08000af0   0x08000af0   0x00000024   Code   RO         3991    .text               mc_w.l(llsshr.o)
    0x08000b14   0x08000b14   0x00000028   Code   RO         4000    .text               mc_w.l(scanf_char.o)
    0x08000b3c   0x08000b3c   0x00000040   Code   RO         4002    .text               mc_w.l(_sgetc.o)
    0x08000b7c   0x08000b7c   0x00000000   Code   RO         4004    .text               mc_w.l(iusefp.o)
    0x08000b7c   0x08000b7c   0x0000006e   Code   RO         4005    .text               mf_w.l(fepilogue.o)
    0x08000bea   0x08000bea   0x000000ba   Code   RO         4007    .text               mf_w.l(depilogue.o)
    0x08000ca4   0x08000ca4   0x00000018   Code   RO         4011    .text               mf_w.l(dfltul.o)
    0x08000cbc   0x08000cbc   0x00000030   Code   RO         4013    .text               mf_w.l(dfixul.o)
    0x08000cec   0x08000cec   0x00000024   Code   RO         4019    .text               mc_w.l(init.o)
    0x08000d10   0x08000d10   0x0000000a   Code   RO         4021    .text               mc_w.l(isspace_c.o)
    0x08000d1a   0x08000d1a   0x00000002   PAD
    0x08000d1c   0x08000d1c   0x0000032c   Code   RO         4023    .text               mc_w.l(_scanf.o)
    0x08001048   0x08001048   0x00000028   Code   RO         4027    .text               mc_w.l(ctype_c.o)
    0x08001070   0x08001070   0x00000004   Code   RO         3799    i.BusFault_Handler  stm32f10x_it.o
    0x08001074   0x08001074   0x00000002   Code   RO         3800    i.DebugMon_Handler  stm32f10x_it.o
    0x08001076   0x08001076   0x00000002   PAD
    0x08001078   0x08001078   0x0000001c   Code   RO         3625    i.Encoder1_Get      encoder.o
    0x08001094   0x08001094   0x0000001c   Code   RO         3626    i.Encoder2_Get      encoder.o
    0x080010b0   0x080010b0   0x00000104   Code   RO         3627    i.Encoder_Init      encoder.o
    0x080011b4   0x080011b4   0x00000116   Code   RO         1347    i.GPIO_Init         stm32f10x_gpio.o
    0x080012ca   0x080012ca   0x00000012   Code   RO         1351    i.GPIO_ReadInputDataBit  stm32f10x_gpio.o
    0x080012dc   0x080012dc   0x00000004   Code   RO         1354    i.GPIO_ResetBits    stm32f10x_gpio.o
    0x080012e0   0x080012e0   0x00000004   Code   RO         1355    i.GPIO_SetBits      stm32f10x_gpio.o
    0x080012e4   0x080012e4   0x0000000a   Code   RO         1358    i.GPIO_WriteBit     stm32f10x_gpio.o
    0x080012ee   0x080012ee   0x00000004   Code   RO         3801    i.HardFault_Handler  stm32f10x_it.o
    0x080012f2   0x080012f2   0x00000002   PAD
    0x080012f4   0x080012f4   0x0000001c   Code   RO         3520    i.Key_GetNum        key.o
    0x08001310   0x08001310   0x00000018   Code   RO         3521    i.Key_GetState      key.o
    0x08001328   0x08001328   0x00000034   Code   RO         3522    i.Key_Init          key.o
    0x0800135c   0x0800135c   0x00000050   Code   RO         3523    i.Key_Tick          key.o
    0x080013ac   0x080013ac   0x00000004   Code   RO         3802    i.MemManage_Handler  stm32f10x_it.o
    0x080013b0   0x080013b0   0x00000048   Code   RO         3574    i.Motor1_SetPWM     motor.o
    0x080013f8   0x080013f8   0x00000048   Code   RO         3575    i.Motor2_SetPWM     motor.o
    0x08001440   0x08001440   0x00000030   Code   RO         3576    i.Motor_Init        motor.o
    0x08001470   0x08001470   0x00000002   Code   RO         3803    i.NMI_Handler       stm32f10x_it.o
    0x08001472   0x08001472   0x00000002   PAD
    0x08001474   0x08001474   0x00000070   Code   RO          137    i.NVIC_Init         misc.o
    0x080014e4   0x080014e4   0x00000014   Code   RO          138    i.NVIC_PriorityGroupConfig  misc.o
    0x080014f8   0x080014f8   0x00000028   Code   RO         3262    i.OLED_Clear        oled.o
    0x08001520   0x08001520   0x00000090   Code   RO         3263    i.OLED_ClearArea    oled.o
    0x080015b0   0x080015b0   0x00000060   Code   RO         3271    i.OLED_GPIO_Init    oled.o
    0x08001610   0x08001610   0x0000003e   Code   RO         3273    i.OLED_I2C_SendByte  oled.o
    0x0800164e   0x0800164e   0x0000001c   Code   RO         3274    i.OLED_I2C_Start    oled.o
    0x0800166a   0x0800166a   0x00000016   Code   RO         3275    i.OLED_I2C_Stop     oled.o
    0x08001680   0x08001680   0x0000009a   Code   RO         3276    i.OLED_Init         oled.o
    0x0800171a   0x0800171a   0x00000014   Code   RO         3278    i.OLED_Pow          oled.o
    0x0800172e   0x0800172e   0x00000022   Code   RO         3282    i.OLED_SetCursor    oled.o
    0x08001750   0x08001750   0x00000054   Code   RO         3284    i.OLED_ShowChar     oled.o
    0x080017a4   0x080017a4   0x000000fc   Code   RO         3287    i.OLED_ShowImage    oled.o
    0x080018a0   0x080018a0   0x0000004c   Code   RO         3288    i.OLED_ShowNum      oled.o
    0x080018ec   0x080018ec   0x000001c4   Code   RO         3290    i.OLED_ShowString   oled.o
    0x08001ab0   0x08001ab0   0x00000028   Code   RO         3291    i.OLED_Update       oled.o
    0x08001ad8   0x08001ad8   0x00000018   Code   RO         3293    i.OLED_W_SCL        oled.o
    0x08001af0   0x08001af0   0x00000018   Code   RO         3294    i.OLED_W_SDA        oled.o
    0x08001b08   0x08001b08   0x00000020   Code   RO         3295    i.OLED_WriteCommand  oled.o
    0x08001b28   0x08001b28   0x0000002e   Code   RO         3296    i.OLED_WriteData    oled.o
    0x08001b56   0x08001b56   0x00000002   PAD
    0x08001b58   0x08001b58   0x000000a0   Code   RO         3601    i.PWM_Init          pwm.o
    0x08001bf8   0x08001bf8   0x00000010   Code   RO         3602    i.PWM_SetCompare1   pwm.o
    0x08001c08   0x08001c08   0x00000010   Code   RO         3603    i.PWM_SetCompare2   pwm.o
    0x08001c18   0x08001c18   0x00000002   Code   RO         3804    i.PendSV_Handler    stm32f10x_it.o
    0x08001c1a   0x08001c1a   0x00000002   PAD
    0x08001c1c   0x08001c1c   0x00000020   Code   RO         1775    i.RCC_APB1PeriphClockCmd  stm32f10x_rcc.o
    0x08001c3c   0x08001c3c   0x00000020   Code   RO         1777    i.RCC_APB2PeriphClockCmd  stm32f10x_rcc.o
    0x08001c5c   0x08001c5c   0x000000d4   Code   RO         1785    i.RCC_GetClocksFreq  stm32f10x_rcc.o
    0x08001d30   0x08001d30   0x00000002   Code   RO         3805    i.SVC_Handler       stm32f10x_it.o
    0x08001d32   0x08001d32   0x00000002   PAD
    0x08001d34   0x08001d34   0x0000001c   Code   RO         3650    i.Serial_GetRxFlag  serial.o
    0x08001d50   0x08001d50   0x000000b8   Code   RO         3651    i.Serial_Init       serial.o
    0x08001e08   0x08001e08   0x00000024   Code   RO         3653    i.Serial_Printf     serial.o
    0x08001e2c   0x08001e2c   0x00000020   Code   RO         3655    i.Serial_SendByte   serial.o
    0x08001e4c   0x08001e4c   0x0000001a   Code   RO         3657    i.Serial_SendString  serial.o
    0x08001e66   0x08001e66   0x00000008   Code   RO           24    i.SetSysClock       system_stm32f10x.o
    0x08001e6e   0x08001e6e   0x00000002   PAD
    0x08001e70   0x08001e70   0x000000e0   Code   RO           25    i.SetSysClockTo72   system_stm32f10x.o
    0x08001f50   0x08001f50   0x00000018   Code   RO         3729    i.SysTick_Handler   main.o
    0x08001f68   0x08001f68   0x00000060   Code   RO         3730    i.SysTick_Init      main.o
    0x08001fc8   0x08001fc8   0x00000060   Code   RO           27    i.SystemInit        system_stm32f10x.o
    0x08002028   0x08002028   0x00000080   Code   RO         2405    i.TI1_Config        stm32f10x_tim.o
    0x080020a8   0x080020a8   0x00000098   Code   RO         2406    i.TI2_Config        stm32f10x_tim.o
    0x08002140   0x08002140   0x00000090   Code   RO         2407    i.TI3_Config        stm32f10x_tim.o
    0x080021d0   0x080021d0   0x00000098   Code   RO         2408    i.TI4_Config        stm32f10x_tim.o
    0x08002268   0x08002268   0x00000278   Code   RO         3731    i.TIM1_UP_IRQHandler  main.o
    0x080024e0   0x080024e0   0x00000006   Code   RO         2415    i.TIM_ClearFlag     stm32f10x_tim.o
    0x080024e6   0x080024e6   0x00000006   Code   RO         2416    i.TIM_ClearITPendingBit  stm32f10x_tim.o
    0x080024ec   0x080024ec   0x00000018   Code   RO         2421    i.TIM_Cmd           stm32f10x_tim.o
    0x08002504   0x08002504   0x00000042   Code   RO         2430    i.TIM_EncoderInterfaceConfig  stm32f10x_tim.o
    0x08002546   0x08002546   0x00000006   Code   RO         2440    i.TIM_GetCounter    stm32f10x_tim.o
    0x0800254c   0x0800254c   0x00000022   Code   RO         2442    i.TIM_GetITStatus   stm32f10x_tim.o
    0x0800256e   0x0800256e   0x00000002   PAD
    0x08002570   0x08002570   0x000000ac   Code   RO         2444    i.TIM_ICInit        stm32f10x_tim.o
    0x0800261c   0x0800261c   0x00000012   Code   RO         2445    i.TIM_ICStructInit  stm32f10x_tim.o
    0x0800262e   0x0800262e   0x00000012   Code   RO         2446    i.TIM_ITConfig      stm32f10x_tim.o
    0x08002640   0x08002640   0x0000000c   Code   RO         2448    i.TIM_InternalClockConfig  stm32f10x_tim.o
    0x0800264c   0x0800264c   0x000000a0   Code   RO         2460    i.TIM_OC3Init       stm32f10x_tim.o
    0x080026ec   0x080026ec   0x0000007c   Code   RO         2465    i.TIM_OC4Init       stm32f10x_tim.o
    0x08002768   0x08002768   0x00000014   Code   RO         2468    i.TIM_OCStructInit  stm32f10x_tim.o
    0x0800277c   0x0800277c   0x00000004   Code   RO         2484    i.TIM_SetCompare3   stm32f10x_tim.o
    0x08002780   0x08002780   0x00000006   Code   RO         2485    i.TIM_SetCompare4   stm32f10x_tim.o
    0x08002786   0x08002786   0x00000004   Code   RO         2486    i.TIM_SetCounter    stm32f10x_tim.o
    0x0800278a   0x0800278a   0x00000012   Code   RO         2487    i.TIM_SetIC1Prescaler  stm32f10x_tim.o
    0x0800279c   0x0800279c   0x0000001a   Code   RO         2488    i.TIM_SetIC2Prescaler  stm32f10x_tim.o
    0x080027b6   0x080027b6   0x00000012   Code   RO         2489    i.TIM_SetIC3Prescaler  stm32f10x_tim.o
    0x080027c8   0x080027c8   0x0000001a   Code   RO         2490    i.TIM_SetIC4Prescaler  stm32f10x_tim.o
    0x080027e2   0x080027e2   0x00000002   PAD
    0x080027e4   0x080027e4   0x000000a4   Code   RO         2492    i.TIM_TimeBaseInit  stm32f10x_tim.o
    0x08002888   0x08002888   0x0000007c   Code   RO         3220    i.Timer_Init        timer.o
    0x08002904   0x08002904   0x000000a0   Code   RO         3658    i.USART1_IRQHandler  serial.o
    0x080029a4   0x080029a4   0x0000001e   Code   RO         2957    i.USART_ClearITPendingBit  stm32f10x_usart.o
    0x080029c2   0x080029c2   0x00000018   Code   RO         2960    i.USART_Cmd         stm32f10x_usart.o
    0x080029da   0x080029da   0x0000001a   Code   RO         2963    i.USART_GetFlagStatus  stm32f10x_usart.o
    0x080029f4   0x080029f4   0x00000054   Code   RO         2964    i.USART_GetITStatus  stm32f10x_usart.o
    0x08002a48   0x08002a48   0x0000004a   Code   RO         2966    i.USART_ITConfig    stm32f10x_usart.o
    0x08002a92   0x08002a92   0x00000002   PAD
    0x08002a94   0x08002a94   0x000000d8   Code   RO         2967    i.USART_Init        stm32f10x_usart.o
    0x08002b6c   0x08002b6c   0x0000000a   Code   RO         2974    i.USART_ReceiveData  stm32f10x_usart.o
    0x08002b76   0x08002b76   0x00000008   Code   RO         2977    i.USART_SendData    stm32f10x_usart.o
    0x08002b7e   0x08002b7e   0x00000004   Code   RO         3806    i.UsageFault_Handler  stm32f10x_it.o
    0x08002b82   0x08002b82   0x00000002   PAD
    0x08002b84   0x08002b84   0x00000024   Code   RO         3880    i.__0vsprintf       mc_w.l(printfa.o)
    0x08002ba8   0x08002ba8   0x0000000e   Code   RO         4032    i.__scatterload_copy  mc_w.l(handlers.o)
    0x08002bb6   0x08002bb6   0x00000002   Code   RO         4033    i.__scatterload_null  mc_w.l(handlers.o)
    0x08002bb8   0x08002bb8   0x0000000e   Code   RO         4034    i.__scatterload_zeroinit  mc_w.l(handlers.o)
    0x08002bc6   0x08002bc6   0x00000002   PAD
    0x08002bc8   0x08002bc8   0x00000184   Code   RO         3881    i._fp_digits        mc_w.l(printfa.o)
    0x08002d4c   0x08002d4c   0x0000000e   Code   RO         3905    i._is_digit         mc_w.l(scanf_fp.o)
    0x08002d5a   0x08002d5a   0x00000002   PAD
    0x08002d5c   0x08002d5c   0x000006dc   Code   RO         3882    i._printf_core      mc_w.l(printfa.o)
    0x08003438   0x08003438   0x00000024   Code   RO         3883    i._printf_post_padding  mc_w.l(printfa.o)
    0x0800345c   0x0800345c   0x0000002e   Code   RO         3884    i._printf_pre_padding  mc_w.l(printfa.o)
    0x0800348a   0x0800348a   0x0000000a   Code   RO         3886    i._sputc            mc_w.l(printfa.o)
    0x08003494   0x08003494   0x000001e0   Code   RO         3732    i.main              main.o
    0x08003674   0x08003674   0x0000094d   Data   RO         3508    .constdata          oled_data.o
    0x08003fc1   0x08003fc1   0x00000040   Data   RO         4028    .constdata          mc_w.l(ctype_c.o)
    0x08004001   0x08004001   0x00000003   PAD
    0x08004004   0x08004004   0x00000020   Data   RO         4030    Region$$Table       anon$$obj.o


    Execution Region RW_IRAM1 (Exec base: 0x20000000, Load base: 0x08004024, Size: 0x000008f8, Max: 0x00005000, ABSOLUTE)

    Exec Addr    Load Addr    Size         Type   Attr      Idx    E Section Name        Object

    0x20000000   0x08004024   0x00000014   Data   RW           28    .data               system_stm32f10x.o
    0x20000014   0x08004038   0x00000014   Data   RW         1805    .data               stm32f10x_rcc.o
    0x20000028   0x0800404c   0x00000004   Data   RW         3524    .data               key.o
    0x2000002c   0x08004050   0x00000004   Data   RW         3661    .data               serial.o
    0x20000030   0x08004054   0x00000062   Data   RW         3733    .data               main.o
    0x20000092   0x080040b6   0x00000002   PAD
    0x20000094        -       0x00000400   Zero   RW         3298    .bss                oled.o
    0x20000494        -       0x00000064   Zero   RW         3660    .bss                serial.o
    0x200004f8        -       0x00000400   Zero   RW            1    STACK               startup_stm32f10x_md.o


==============================================================================

Image component sizes


      Code (inc. data)   RO Data    RW Data    ZI Data      Debug   Object Name

         0          0          0          0          0       4492   core_cm3.o
       316         30          0          0          0       1577   encoder.o
       184         32          0          4          0       2060   key.o
      1232        266          0         98          0      18742   main.o
       132         22          0          0          0     204635   misc.o
       192         16          0          0          0       1429   motor.o
      1630         52          0          0       1024      11301   oled.o
         0          0       2381          0          0       1010   oled_data.o
       192          6          0          0          0       1531   pwm.o
       466         40          0          4        100       3861   serial.o
        36          8        236          0       1024        792   startup_stm32f10x_md.o
         0          0          0          0          0       1636   stm32f10x_adc.o
       314          0          0          0          0      12180   stm32f10x_gpio.o
        24          0          0          0          0       3148   stm32f10x_it.o
       276         32          0         20          0      12830   stm32f10x_rcc.o
      1508        170          0          0          0      34762   stm32f10x_tim.o
       472          6          0          0          0      12259   stm32f10x_usart.o
       328         28          0         20          0      45305   system_stm32f10x.o
       124          4          0          0          0        525   timer.o

    ----------------------------------------------------------------------
      7448        712       2649        148       2148     374075   Object Totals
         0          0         32          0          0          0   (incl. Generated)
        22          0          0          2          0          0   (incl. Padding)

    ----------------------------------------------------------------------

      Code (inc. data)   RO Data    RW Data    ZI Data      Debug   Library Member Name

        56          8          0          0          0         84   __0sscanf.o
       812          4          0          0          0        112   _scanf.o
        64          0          0          0          0         84   _sgetc.o
        40          6         64          0          0         68   ctype_c.o
         0          0          0          0          0          0   entry.o
         0          0          0          0          0          0   entry10a.o
         0          0          0          0          0          0   entry11a.o
         8          4          0          0          0          0   entry2.o
         4          0          0          0          0          0   entry5.o
         0          0          0          0          0          0   entry7b.o
         0          0          0          0          0          0   entry8b.o
         8          4          0          0          0          0   entry9a.o
        30          0          0          0          0          0   handlers.o
        36          8          0          0          0         68   init.o
        10          0          0          0          0         68   isspace_c.o
         0          0          0          0          0          0   iusefp.o
        30          0          0          0          0         68   llshl.o
        36          0          0          0          0         68   llsshr.o
        32          0          0          0          0         68   llushr.o
      2272         86          0          0          0        516   printfa.o
        40          8          0          0          0         84   scanf_char.o
       878         12          0          0          0        216   scanf_fp.o
        28          0          0          0          0         76   strcmp.o
        36          0          0          0          0         80   strstr.o
        44          0          0          0          0         80   uidiv.o
        98          0          0          0          0         92   uldiv.o
        48          0          0          0          0         68   cdrcmple.o
        20          0          0          0          0         68   cfcmple.o
        20          0          0          0          0         68   cfrcmple.o
        56          0          0          0          0         88   d2f.o
       334          0          0          0          0        148   dadd.o
       222          0          0          0          0        100   ddiv.o
       186          0          0          0          0        176   depilogue.o
        48          0          0          0          0         68   dfixul.o
        24          0          0          0          0         76   dfltul.o
       228          0          0          0          0         96   dmul.o
        38          0          0          0          0         68   f2d.o
       176          0          0          0          0        140   fadd.o
       110          0          0          0          0        168   fepilogue.o
        50          0          0          0          0         68   ffixi.o
        18          0          0          0          0         68   fflti.o
        10          0          0          0          0         68   ffltui.o
       100          0          0          0          0         76   fmul.o

    ----------------------------------------------------------------------
      6256        140         67          0          0       3444   Library Totals
         6          0          3          0          0          0   (incl. Padding)

    ----------------------------------------------------------------------

      Code (inc. data)   RO Data    RW Data    ZI Data      Debug   Library Name

      4562        140         64          0          0       1832   mc_w.l
      1688          0          0          0          0       1612   mf_w.l

    ----------------------------------------------------------------------
      6256        140         67          0          0       3444   Library Totals

    ----------------------------------------------------------------------

==============================================================================


      Code (inc. data)   RO Data    RW Data    ZI Data      Debug   

     13704        852       2716        148       2148     370963   Grand Totals
     13704        852       2716        148       2148     370963   ELF Image Totals
     13704        852       2716        148          0          0   ROM Totals

==============================================================================

    Total RO  Size (Code + RO Data)                16420 (  16.04kB)
    Total RW  Size (RW Data + ZI Data)              2296 (   2.24kB)
    Total ROM Size (Code + RO Data + RW Data)      16568 (  16.18kB)

==============================================================================

